Archive member included because of file (symbol)

/opt/CodeSourcery/Sourcery_G++_Lite/arm-none-eabi/lib/libc.a(lib_a-errno.o)
                              syscall.o (__errno)
/opt/CodeSourcery/Sourcery_G++_Lite/arm-none-eabi/lib/libc.a(lib_a-impure.o)
                              /opt/CodeSourcery/Sourcery_G++_Lite/arm-none-eabi/lib/libc.a(lib_a-errno.o) (_impure_ptr)
/opt/CodeSourcery/Sourcery_G++_Lite/arm-none-eabi/lib/libc.a(lib_a-memset.o)
                              syscall.o (memset)
/opt/CodeSourcery/Sourcery_G++_Lite/arm-none-eabi/lib/libc.a(lib_a-printf.o)
                              Main.o (printf)
/opt/CodeSourcery/Sourcery_G++_Lite/arm-none-eabi/lib/libc.a(lib_a-vfprintf.o)
                              /opt/CodeSourcery/Sourcery_G++_Lite/arm-none-eabi/lib/libc.a(lib_a-printf.o) (_vfprintf_r)
/opt/CodeSourcery/Sourcery_G++_Lite/arm-none-eabi/lib/libc.a(lib_a-vsprintf.o)
                              Uart.o (vsprintf)
/opt/CodeSourcery/Sourcery_G++_Lite/arm-none-eabi/lib/libc.a(lib_a-wsetup.o)
                              /opt/CodeSourcery/Sourcery_G++_Lite/arm-none-eabi/lib/libc.a(lib_a-vfprintf.o) (__swsetup_r)
/opt/CodeSourcery/Sourcery_G++_Lite/arm-none-eabi/lib/libc.a(lib_a-dtoa.o)
                              /opt/CodeSourcery/Sourcery_G++_Lite/arm-none-eabi/lib/libc.a(lib_a-vfprintf.o) (_dtoa_r)
/opt/CodeSourcery/Sourcery_G++_Lite/arm-none-eabi/lib/libc.a(lib_a-fflush.o)
                              /opt/CodeSourcery/Sourcery_G++_Lite/arm-none-eabi/lib/libc.a(lib_a-vfprintf.o) (_fflush_r)
/opt/CodeSourcery/Sourcery_G++_Lite/arm-none-eabi/lib/libc.a(lib_a-findfp.o)
                              /opt/CodeSourcery/Sourcery_G++_Lite/arm-none-eabi/lib/libc.a(lib_a-vfprintf.o) (__sinit)
/opt/CodeSourcery/Sourcery_G++_Lite/arm-none-eabi/lib/libc.a(lib_a-freer.o)
                              /opt/CodeSourcery/Sourcery_G++_Lite/arm-none-eabi/lib/libc.a(lib_a-wsetup.o) (_free_r)
/opt/CodeSourcery/Sourcery_G++_Lite/arm-none-eabi/lib/libc.a(lib_a-fwalk.o)
                              /opt/CodeSourcery/Sourcery_G++_Lite/arm-none-eabi/lib/libc.a(lib_a-findfp.o) (_fwalk)
/opt/CodeSourcery/Sourcery_G++_Lite/arm-none-eabi/lib/libc.a(lib_a-locale.o)
                              /opt/CodeSourcery/Sourcery_G++_Lite/arm-none-eabi/lib/libc.a(lib_a-vfprintf.o) (_localeconv_r)
/opt/CodeSourcery/Sourcery_G++_Lite/arm-none-eabi/lib/libc.a(lib_a-makebuf.o)
                              /opt/CodeSourcery/Sourcery_G++_Lite/arm-none-eabi/lib/libc.a(lib_a-wsetup.o) (__smakebuf_r)
/opt/CodeSourcery/Sourcery_G++_Lite/arm-none-eabi/lib/libc.a(lib_a-mallocr.o)
                              /opt/CodeSourcery/Sourcery_G++_Lite/arm-none-eabi/lib/libc.a(lib_a-findfp.o) (_malloc_r)
/opt/CodeSourcery/Sourcery_G++_Lite/arm-none-eabi/lib/libc.a(lib_a-memchr.o)
                              /opt/CodeSourcery/Sourcery_G++_Lite/arm-none-eabi/lib/libc.a(lib_a-vfprintf.o) (memchr)
/opt/CodeSourcery/Sourcery_G++_Lite/arm-none-eabi/lib/libc.a(lib_a-memcpy.o)
                              /opt/CodeSourcery/Sourcery_G++_Lite/arm-none-eabi/lib/libc.a(lib_a-dtoa.o) (memcpy)
/opt/CodeSourcery/Sourcery_G++_Lite/arm-none-eabi/lib/libc.a(lib_a-mlock.o)
                              /opt/CodeSourcery/Sourcery_G++_Lite/arm-none-eabi/lib/libc.a(lib_a-freer.o) (__malloc_lock)
/opt/CodeSourcery/Sourcery_G++_Lite/arm-none-eabi/lib/libc.a(lib_a-mprec.o)
                              /opt/CodeSourcery/Sourcery_G++_Lite/arm-none-eabi/lib/libc.a(lib_a-dtoa.o) (_Balloc)
/opt/CodeSourcery/Sourcery_G++_Lite/arm-none-eabi/lib/libc.a(lib_a-s_fpclassify.o)
                              /opt/CodeSourcery/Sourcery_G++_Lite/arm-none-eabi/lib/libc.a(lib_a-vfprintf.o) (__fpclassifyd)
/opt/CodeSourcery/Sourcery_G++_Lite/arm-none-eabi/lib/libc.a(lib_a-stdio.o)
                              /opt/CodeSourcery/Sourcery_G++_Lite/arm-none-eabi/lib/libc.a(lib_a-findfp.o) (__sread)
/opt/CodeSourcery/Sourcery_G++_Lite/arm-none-eabi/lib/libc.a(lib_a-strcmp.o)
                              /opt/CodeSourcery/Sourcery_G++_Lite/arm-none-eabi/lib/libc.a(lib_a-locale.o) (strcmp)
/opt/CodeSourcery/Sourcery_G++_Lite/arm-none-eabi/lib/libc.a(lib_a-svfprintf.o)
                              /opt/CodeSourcery/Sourcery_G++_Lite/arm-none-eabi/lib/libc.a(lib_a-vsprintf.o) (_svfprintf_r)
/opt/CodeSourcery/Sourcery_G++_Lite/arm-none-eabi/lib/libc.a(lib_a-vfiprintf.o)
                              /opt/CodeSourcery/Sourcery_G++_Lite/arm-none-eabi/lib/libc.a(lib_a-vfprintf.o) (__sprint_r)
/opt/CodeSourcery/Sourcery_G++_Lite/arm-none-eabi/lib/libc.a(lib_a-callocr.o)
                              /opt/CodeSourcery/Sourcery_G++_Lite/arm-none-eabi/lib/libc.a(lib_a-mprec.o) (_calloc_r)
/opt/CodeSourcery/Sourcery_G++_Lite/arm-none-eabi/lib/libc.a(lib_a-fclose.o)
                              /opt/CodeSourcery/Sourcery_G++_Lite/arm-none-eabi/lib/libc.a(lib_a-findfp.o) (fclose)
/opt/CodeSourcery/Sourcery_G++_Lite/arm-none-eabi/lib/libc.a(lib_a-fputwc.o)
[...]
Memory Configuration

Name             Origin             Length             Attributes
CODE             0x30000000         0x04000000         rw
_ISR_START       0x33ffff00         0x00000100         rw
*default*        0x00000000         0xffffffff

Linker script and memory map

                [0x00002000]                _STACK_SIZE = DEFINED (_STACK_SIZE)?_STACK_SIZE:0x2000
                [0x00200000]                _HEAP_SIZE = DEFINED (_HEAP_SIZE)?_HEAP_SIZE:0x200000

.text           0x30000000     0xf024
 *s3c2450_startup.o(.text)
 .text          0x30000000      0x300 s3c2450_startup.o
                0x30000000                _start
                0x300000b0                ResetHandler
                0x300001a8                IsrIRQ
                0x30000254                _sbrk
 *(.text)
 .text          0x30000300      0x14c Main.o
                0x30000300                Timer0_ISR
                0x30000354                Main
 .text          0x3000044c      0x184 exception.o
                0x3000044c                SWI_Handler
                0x30000468                Undef_Handler
                0x30000484                Pabort_Handler
                0x300004c0                Dabort_Handler
                0x300004fc                Exception_Init
 .text          0x300005d0      0x780 libc.o
                0x300005d0                MMU_Init
                0x300007d0                MMU_SetMTT
                0x30000888                ChangeRomCacheStatus
                0x30000954                malloc
                0x300009f4                free
                0x30000a24                Led_Port_Init
                0x30000a98                Led_Display
                0x30000b64                start_timer0
                0x30000bb8                stop_timer0
                0x30000be0                time
                0x30000c10                MemFill
                0x30000c80                MemDump
 .text          0x30000d50      0x828 Uart.o
                0x30000d50                Uart_Init
                0x30000e5c                Uart_Printf
                0x30000eac                Uart_Send_String
                0x30000efc                Uart_Send_Byte
                0x30000f80                Uart_GetChar
                0x30000fc8                Uart_Get_Pressed
                0x30001018                Uart_TxEmpty
                0x30001054                Uart_GetKey
                0x300010a4                Uart_GetString
                0x300011a8                atoi
                0x30001278                strlen
                0x300012d0                Uart_GetIntNum
 .text          0x30001578      0x2c4 syscall.o
                0x30001578                _read_r
                0x300015bc                _lseek_r
                0x300015f0                _write_r
                0x30001684                _close_r
                0x300016b0                _sbrk_r
                0x300017ac                _fstat_r
                0x300017f8                _isatty_r
                0x30001824                _exit
 *fill*         0x3000183c        0x4 00
 .text          0x30001840      0x248 timer.o
                0x30001840                Timer_Init
                0x300018a4                Timer_Delay
                0x3000196c                ElapseTimer_Start
                0x30001a40                ElapseTimer_Stop
 .text          0x30001a88      0x268 libs.o
                0x30001a88                HOW_TO_RETURN
                0x30001a90                CONDITIONAL_EXECUTE
                0x30001aa4                DATA_PROCESS1
                0x30001ab4                DATA_PROCESS2
                0x30001ac4                SUM_OF_DEC
                0x30001ae0                GRT_COM_MES
                0x30001af4                MEMCPY_SINGLE
                0x30001b0c                MEMCPY_MULTIPLE
                0x30001b24                MEMCPY
                0x30001b64                SET_IF
                0x30001b78                WR_IF
                0x30001b80                CLR_IF
                0x30001b90                MMU_EnableICache
                0x30001ba0                MMU_DisableICache
                0x30001bb0                MMU_EnableDCache
                0x30001bc0                MMU_DisableDCache
                0x30001bd0                MMU_EnableAlignFault
                0x30001be0                MMU_DisableAlignFault
                0x30001bf0                MMU_EnableMMU
                0x30001c00                MMU_DisableMMU
                0x30001c10                MMU_SetFastBusMode
                0x30001c24                MMU_SetAsyncBusMode
                0x30001c38                MMU_SetTTBase
                0x30001c40                MMU_SetDomain
                0x30001c48                MMU_InvalidateIDCache
                0x30001c50                MMU_InvalidateICache
                0x30001c58                MMU_InvalidateICacheMVA
                0x30001c60                MMU_PrefetchICacheMVA
                0x30001c68                MMU_InvalidateDCache
                0x30001c70                MMU_InvalidateDCacheMVA
                0x30001c78                MMU_CleanDCacheMVA
                0x30001c80                MMU_CleanInvalidateDCacheMVA
                0x30001c88                MMU_CleanDCacheIndex
                0x30001c90                MMU_CleanInvalidateDCacheIndex
                0x30001c98                MMU_WaitForInterrupt
                0x30001ca0                MMU_InvalidateTLB
                0x30001ca8                MMU_InvalidateITLB
                0x30001cb0                MMU_InvalidateITLBMVA
                0x30001cb8                MMU_InvalidateDTLB
                0x30001cc0                MMU_InvalidateDTLBMVA
                0x30001cc8                MMU_SetDCacheLockdownBase
                0x30001cd0                MMU_SetICacheLockdownBase
                0x30001cd8                MMU_SetDTLBLockdown
                0x30001ce0                MMU_SetITLBLockdown
                0x30001ce8                MMU_SetProcessId
 .text          0x30001cf0       0x10 /opt/CodeSourcery/Sourcery_G++_Lite/arm-none-eabi/lib/libc.a(lib_a-errno.o)
                0x30001cf0                __errno
 .text          0x30001d00        0x0 /opt/CodeSourcery/Sourcery_G++_Lite/arm-none-eabi/lib/libc.a(lib_a-impure.o)
 .text          0x30001d00      0x100 /opt/CodeSourcery/Sourcery_G++_Lite/arm-none-eabi/lib/libc.a(lib_a-memset.o)
                0x30001d00                memset
 .text          0x30001e00       0x74 /opt/CodeSourcery/Sourcery_G++_Lite/arm-none-eabi/lib/libc.a(lib_a-printf.o)
                0x30001e00                _printf_r
                0x30001e34                printf
 .text          0x30001e74     0x22e4 /opt/CodeSourcery/Sourcery_G++_Lite/arm-none-eabi/lib/libc.a(lib_a-vfprintf.o)
                0x30001e74                _vfprintf_r
                0x3000412c                vfprintf
 .text          0x30004158       0x7c /opt/CodeSourcery/Sourcery_G++_Lite/arm-none-eabi/lib/libc.a(lib_a-vsprintf.o)
                0x30004158                _vsprintf_r
                0x300041a8                vsprintf
 .text          0x300041d4      0x134 /opt/CodeSourcery/Sourcery_G++_Lite/arm-none-eabi/lib/libc.a(lib_a-wsetup.o)
                0x300041d4                __swsetup_r
 .text          0x30004308     0x17d0 /opt/CodeSourcery/Sourcery_G++_Lite/arm-none-eabi/lib/libc.a(lib_a-dtoa.o)
                0x300044d8                _dtoa_r
 .text          0x30005ad8      0x28c /opt/CodeSourcery/Sourcery_G++_Lite/arm-none-eabi/lib/libc.a(lib_a-fflush.o)
                0x30005ad8                _fflush_r
                0x30005d24                fflush
 .text          0x30005d64      0x334 /opt/CodeSourcery/Sourcery_G++_Lite/arm-none-eabi/lib/libc.a(lib_a-findfp.o)
                0x30005d74                _cleanup_r
                0x30005d8c                __sfmoreglue
                0x30005dd4                _cleanup
                0x30005de4                __sinit
                0x30005f4c                __sfp
                0x30006040                __sfp_lock_acquire
                0x30006044                __sfp_lock_release
                0x30006048                __sinit_lock_acquire
                0x3000604c                __sinit_lock_release
                0x30006050                __fp_lock_all
                0x30006074                __fp_unlock_all
 .text          0x30006098      0x360 /opt/CodeSourcery/Sourcery_G++_Lite/arm-none-eabi/lib/libc.a(lib_a-freer.o)
                0x30006098                _malloc_trim_r
                0x30006194                _free_r
 .text          0x300063f8      0x11c /opt/CodeSourcery/Sourcery_G++_Lite/arm-none-eabi/lib/libc.a(lib_a-fwalk.o)
                0x300063f8                _fwalk
                0x30006484                _fwalk_reent
 .text          0x30006514       0xd0 /opt/CodeSourcery/Sourcery_G++_Lite/arm-none-eabi/lib/libc.a(lib_a-locale.o)
                0x30006514                _setlocale_r
                0x30006580                __locale_charset
                0x3000658c                __locale_mb_cur_max
                0x3000659c                __locale_msgcharset
                0x300065a8                __locale_cjk_lang
                0x300065b0                _localeconv_r
                0x300065bc                setlocale
                0x300065d8                localeconv
 .text          0x300065e4      0x164 /opt/CodeSourcery/Sourcery_G++_Lite/arm-none-eabi/lib/libc.a(lib_a-makebuf.o)
                0x300065e4                __smakebuf_r
 .text          0x30006748      0x70c /opt/CodeSourcery/Sourcery_G++_Lite/arm-none-eabi/lib/libc.a(lib_a-mallocr.o)
                0x30006748                _malloc_r
 .text          0x30006e54      0x104 /opt/CodeSourcery/Sourcery_G++_Lite/arm-none-eabi/lib/libc.a(lib_a-memchr.o)
                0x30006e54                memchr
 .text          0x30006f58      0x1c0 /opt/CodeSourcery/Sourcery_G++_Lite/arm-none-eabi/lib/libc.a(lib_a-memcpy.o)
                0x30006f58                memcpy
 .text          0x30007118        0x8 /opt/CodeSourcery/Sourcery_G++_Lite/arm-none-eabi/lib/libc.a(lib_a-mlock.o)
                0x30007118                __malloc_lock
                0x3000711c                __malloc_unlock
 .text          0x30007120      0xcfc /opt/CodeSourcery/Sourcery_G++_Lite/arm-none-eabi/lib/libc.a(lib_a-mprec.o)
                0x30007120                _Balloc
                0x300071a8                _Bfree
                0x300071c4                __multadd
                0x300072a0                __s2b
                0x3000738c                __hi0bits
                0x300073dc                __lo0bits
                0x3000746c                __i2b
                0x30007490                __multiply
                0x30007678                __pow5mult
                0x3000776c                __lshift
                0x30007870                __mcmp
                0x300078d0                __mdiff
                0x30007a28                __ulp
                0x30007a88                __b2d
                0x30007b4c                __d2b
                0x30007c54                __ratio
                0x30007ccc                _mprec_log10
                0x30007d20                __copybits
                0x30007d94                __any_on
 .text          0x30007e1c       0x8c /opt/CodeSourcery/Sourcery_G++_Lite/arm-none-eabi/lib/libc.a(lib_a-s_fpclassify.o)
                0x30007e1c                __fpclassifyd
 .text          0x30007ea8       0xdc /opt/CodeSourcery/Sourcery_G++_Lite/arm-none-eabi/lib/libc.a(lib_a-stdio.o)
                0x30007ea8                __sread
                0x30007edc                __seofread
                0x30007ee4                __swrite
                0x30007f3c                __sseek
                0x30007f70                __sclose
 .text          0x30007f84      0x230 /opt/CodeSourcery/Sourcery_G++_Lite/arm-none-eabi/lib/libc.a(lib_a-strcmp.o)
                0x30007f84                strcmp
 .text          0x300081b4     0x2138 /opt/CodeSourcery/Sourcery_G++_Lite/arm-none-eabi/lib/libc.a(lib_a-svfprintf.o)
                0x300081b4                _svfprintf_r
 .text          0x3000a2ec     0x1360 /opt/CodeSourcery/Sourcery_G++_Lite/arm-none-eabi/lib/libc.a(lib_a-vfiprintf.o)
                0x3000a2ec                __sprint_r
                0x3000a3ac                _vfiprintf_r
                0x3000b620                vfiprintf
 .text          0x3000b64c       0x9c /opt/CodeSourcery/Sourcery_G++_Lite/arm-none-eabi/lib/libc.a(lib_a-callocr.o)
                0x3000b64c                _calloc_r
 .text          0x3000b6e8      0x10c /opt/CodeSourcery/Sourcery_G++_Lite/arm-none-eabi/lib/libc.a(lib_a-fclose.o)
                0x3000b6e8                _fclose_r
                0x3000b7e0                fclose
 .text          0x3000b7f4      0x1a8 /opt/CodeSourcery/Sourcery_G++_Lite/arm-none-eabi/lib/libc.a(lib_a-fputwc.o)
                0x3000b7f4                _fputwc_r
                0x3000b950                fputwc
 .text          0x3000b99c      0x4b0 /opt/CodeSourcery/Sourcery_G++_Lite/arm-none-eabi/lib/libc.a(lib_a-fvwrite.o)
                0x3000b99c                __sfvwrite_r
 .text          0x3000be4c      0x128 /opt/CodeSourcery/Sourcery_G++_Lite/arm-none-eabi/lib/libc.a(lib_a-memmove.o)
                0x3000be4c                memmove
 .text          0x3000bf74      0x5c0 /opt/CodeSourcery/Sourcery_G++_Lite/arm-none-eabi/lib/libc.a(lib_a-reallocr.o)
                0x3000bf74                _realloc_r
 .text          0x3000c534     0x1238 /opt/CodeSourcery/Sourcery_G++_Lite/arm-none-eabi/lib/libc.a(lib_a-svfiprintf.o)
                0x3000c534                __ssprint_r
                0x3000c6d0                _svfiprintf_r
 .text          0x3000d76c      0x15c /opt/CodeSourcery/Sourcery_G++_Lite/arm-none-eabi/lib/libc.a(lib_a-wbuf.o)
                0x3000d76c                __swbuf_r
                0x3000d8ac                __swbuf
 .text          0x3000d8c8      0x13c /opt/CodeSourcery/Sourcery_G++_Lite/arm-none-eabi/lib/libc.a(lib_a-wcrtomb.o)
                0x3000d8c8                _wcrtomb_r
                0x3000d95c                wcrtomb
 .text          0x3000da04       0x7c /opt/CodeSourcery/Sourcery_G++_Lite/arm-none-eabi/lib/libc.a(lib_a-wctomb_r.o)
                0x3000da04                __ascii_wctomb
                0x3000da30                _wctomb_r
 .text          0x3000da80      0x114 /opt/CodeSourcery/Sourcery_G++_Lite/lib/gcc/arm-none-eabi/4.5.2/libgcc.a(_udivsi3.o)
                0x3000da80                __udivsi3
                0x3000da80                __aeabi_uidiv
                0x3000db74                __aeabi_uidivmod
 .text          0x3000db94        0x4 /opt/CodeSourcery/Sourcery_G++_Lite/lib/gcc/arm-none-eabi/4.5.2/libgcc.a(_dvmd_tls.o)
                0x3000db94                __aeabi_ldiv0
                0x3000db94                __aeabi_idiv0
 .text          0x3000db98      0x41c /opt/CodeSourcery/Sourcery_G++_Lite/lib/gcc/arm-none-eabi/4.5.2/libgcc.a(_arm_addsubdf3.o)
                0x3000db98                __aeabi_drsub
                0x3000dba0                __aeabi_dsub
                0x3000dba0                __subdf3
                0x3000dba4                __adddf3
                0x3000dba4                __aeabi_dadd
                0x3000deb4                __aeabi_ui2d
                0x3000deb4                __floatunsidf
                0x3000ded8                __floatsidf
                0x3000ded8                __aeabi_i2d
                0x3000df00                __extendsfdf2
                0x3000df00                __aeabi_f2d
                0x3000df40                __aeabi_ul2d
                0x3000df40                __floatundidf
                0x3000df54                __floatdidf
                0x3000df54                __aeabi_l2d
 .text          0x3000dfb4      0x49c /opt/CodeSourcery/Sourcery_G++_Lite/lib/gcc/arm-none-eabi/4.5.2/libgcc.a(_arm_muldivdf3.o)
                0x3000dfb4                __aeabi_dmul
                0x3000dfb4                __muldf3
                0x3000e244                __aeabi_ddiv
                0x3000e244                __divdf3
 .text          0x3000e450      0x144 /opt/CodeSourcery/Sourcery_G++_Lite/lib/gcc/arm-none-eabi/4.5.2/libgcc.a(_arm_cmpdf2.o)
                0x3000e450                __gtdf2
                0x3000e450                __gedf2
                0x3000e458                __ltdf2
                0x3000e458                __ledf2
                0x3000e460                __cmpdf2
                0x3000e460                __eqdf2
                0x3000e460                __nedf2
                0x3000e4e8                __aeabi_cdrcmple
                0x3000e504                __aeabi_cdcmple
                0x3000e504                __aeabi_cdcmpeq
                0x3000e51c                __aeabi_dcmpeq
                0x3000e534                __aeabi_dcmplt
                0x3000e54c                __aeabi_dcmple
                0x3000e564                __aeabi_dcmpge
                0x3000e57c                __aeabi_dcmpgt
 .text          0x3000e594       0x5c /opt/CodeSourcery/Sourcery_G++_Lite/lib/gcc/arm-none-eabi/4.5.2/libgcc.a(_arm_fixdfsi.o)
                0x3000e594                __fixdfsi
                0x3000e594                __aeabi_d2iz
 .text          0x3000e5f0       0x54 /opt/CodeSourcery/Sourcery_G++_Lite/lib/gcc/arm-none-eabi/4.5.2/libgcc.a(_arm_fixunsdfsi.o)
                0x3000e5f0                __fixunsdfsi
                0x3000e5f0                __aeabi_d2uiz
 .text          0x3000e644       0x3c /opt/CodeSourcery/Sourcery_G++_Lite/lib/gcc/arm-none-eabi/4.5.2/libgcc.a(_aeabi_uldivmod.o)
                0x3000e644                __aeabi_uldivmod
 .text          0x3000e680       0x80 /opt/CodeSourcery/Sourcery_G++_Lite/lib/gcc/arm-none-eabi/4.5.2/libgcc.a(bpabi.o)
                0x3000e680                __gnu_ldivmod_helper
                0x3000e6c0                __gnu_uldivmod_helper
 .text          0x3000e700      0x4a8 /opt/CodeSourcery/Sourcery_G++_Lite/lib/gcc/arm-none-eabi/4.5.2/libgcc.a(_divdi3.o)
                0x3000e700                __divdi3
 .text          0x3000eba8      0x434 /opt/CodeSourcery/Sourcery_G++_Lite/lib/gcc/arm-none-eabi/4.5.2/libgcc.a(_udivdi3.o)
                0x3000eba8                __udivdi3
 .text          0x3000efdc       0x48 /opt/CodeSourcery/Sourcery_G++_Lite/lib/gcc/arm-none-eabi/4.5.2/libgcc.a(_clzsi2.o)
                0x3000efdc                __clzsi2
                0x3000f024                . = ALIGN (0x4)

.glue_7         0x3000f024        0x0
 .glue_7        0x00000000        0x0 linker stubs

.glue_7t        0x3000f024        0x0
 .glue_7t       0x00000000        0x0 linker stubs

.vfp11_veneer   0x3000f024        0x0
 .vfp11_veneer  0x00000000        0x0 linker stubs

.v4_bx          0x3000f024        0x0
 .v4_bx         0x00000000        0x0 linker stubs

.rodata         0x3000f028    0x3ffe4
                0x3000f028                rodata_start_addr = .
 *(.rodata)
 .rodata        0x3000f028    0x3fc50 Main.o
                0x3000f028                bicycle
 .rodata        0x3004ec78       0x84 exception.o
 .rodata        0x3004ecfc       0x4c libc.o
 .rodata        0x3004ed48       0x28 Uart.o
 .rodata        0x3004ed70       0x88 syscall.o
 .rodata        0x3004edf8        0x4 /opt/CodeSourcery/Sourcery_G++_Lite/arm-none-eabi/lib/libc.a(lib_a-impure.o)
                0x3004edf8                _global_impure_ptr
 .rodata        0x3004edfc       0x20 /opt/CodeSourcery/Sourcery_G++_Lite/arm-none-eabi/lib/libc.a(lib_a-vfprintf.o)
 *fill*         0x3004ee1c        0x4 00
 .rodata        0x3004ee20      0x128 /opt/CodeSourcery/Sourcery_G++_Lite/arm-none-eabi/lib/libc.a(lib_a-mprec.o)
                0x3004ee30                __mprec_tens
                0x3004eef8                __mprec_bigtens
                0x3004ef20                __mprec_tinytens
 .rodata        0x3004ef48       0x20 /opt/CodeSourcery/Sourcery_G++_Lite/arm-none-eabi/lib/libc.a(lib_a-svfprintf.o)
 .rodata        0x3004ef68       0x20 /opt/CodeSourcery/Sourcery_G++_Lite/arm-none-eabi/lib/libc.a(lib_a-vfiprintf.o)
 .rodata        0x3004ef88       0x20 /opt/CodeSourcery/Sourcery_G++_Lite/arm-none-eabi/lib/libc.a(lib_a-svfiprintf.o)
 *(.rodata.*)
 .rodata.str1.4
                0x3004efa8        0x2 /opt/CodeSourcery/Sourcery_G++_Lite/arm-none-eabi/lib/libc.a(lib_a-impure.o)
                                  0x4 (size before relaxing)
 *fill*         0x3004efaa        0x2 00
 .rodata.str1.4
                0x3004efac       0x42 /opt/CodeSourcery/Sourcery_G++_Lite/arm-none-eabi/lib/libc.a(lib_a-vfprintf.o)
                                 0x44 (size before relaxing)
 *fill*         0x3004efee        0x2 00
 .rodata.str1.4
                0x3004eff0       0x10 /opt/CodeSourcery/Sourcery_G++_Lite/arm-none-eabi/lib/libc.a(lib_a-dtoa.o)
                                 0x14 (size before relaxing)
 .rodata.str1.4
                0x3004f000        0xc /opt/CodeSourcery/Sourcery_G++_Lite/arm-none-eabi/lib/libc.a(lib_a-locale.o)
                                 0x14 (size before relaxing)
 .rodata.str1.4
                0x00000000       0x44 /opt/CodeSourcery/Sourcery_G++_Lite/arm-none-eabi/lib/libc.a(lib_a-svfprintf.o)
 .rodata.str1.4
                0x00000000       0x30 /opt/CodeSourcery/Sourcery_G++_Lite/arm-none-eabi/lib/libc.a(lib_a-vfiprintf.o)
 .rodata.str1.4
                0x00000000       0x30 /opt/CodeSourcery/Sourcery_G++_Lite/arm-none-eabi/lib/libc.a(lib_a-svfiprintf.o)
                0x3004f00c                . = ALIGN (0x4)
                0x3004f00c                rodata_end_addr = .

.ARM.extab      0x3004f00c        0x0
 .ARM.extab     0x3004f00c        0x0 /opt/CodeSourcery/Sourcery_G++_Lite/lib/gcc/arm-none-eabi/4.5.2/libgcc.a(_divdi3.o)
 .ARM.extab     0x3004f00c        0x0 /opt/CodeSourcery/Sourcery_G++_Lite/lib/gcc/arm-none-eabi/4.5.2/libgcc.a(_udivdi3.o)

.ARM.exidx      0x3004f00c        0x8
 .ARM.exidx     0x3004f00c        0x8 /opt/CodeSourcery/Sourcery_G++_Lite/lib/gcc/arm-none-eabi/4.5.2/libgcc.a(_divdi3.o)
 .ARM.exidx     0x3004f014        0x0 /opt/CodeSourcery/Sourcery_G++_Lite/lib/gcc/arm-none-eabi/4.5.2/libgcc.a(_udivdi3.o)
                                  0x8 (size before relaxing)

.data           0x3004f018      0x8c8
                0x3004f018                data_start_addr = .
                0x3004f018                __DATA_START__ = .
 *(.data)
 .data          0x3004f018        0x0 s3c2450_startup.o
 .data          0x3004f018        0x0 Main.o
 .data          0x3004f018        0x0 exception.o
 .data          0x3004f018        0x4 libc.o
                0x3004f018                mallocPt
 .data          0x3004f01c        0x0 Uart.o
 .data          0x3004f01c        0x0 syscall.o
 .data          0x3004f01c        0x0 timer.o
 .data          0x3004f01c        0x0 libs.o
 .data          0x3004f01c        0x0 /opt/CodeSourcery/Sourcery_G++_Lite/arm-none-eabi/lib/libc.a(lib_a-errno.o)
 *fill*         0x3004f01c        0x4 00
 .data          0x3004f020      0x430 /opt/CodeSourcery/Sourcery_G++_Lite/arm-none-eabi/lib/libc.a(lib_a-impure.o)
                0x3004f020                _impure_ptr
 .data          0x3004f450        0x0 /opt/CodeSourcery/Sourcery_G++_Lite/arm-none-eabi/lib/libc.a(lib_a-memset.o)
 .data          0x3004f450        0x0 /opt/CodeSourcery/Sourcery_G++_Lite/arm-none-eabi/lib/libc.a(lib_a-printf.o)
 .data          0x3004f450        0x0 /opt/CodeSourcery/Sourcery_G++_Lite/arm-none-eabi/lib/libc.a(lib_a-vfprintf.o)
 .data          0x3004f450        0x0 /opt/CodeSourcery/Sourcery_G++_Lite/arm-none-eabi/lib/libc.a(lib_a-vsprintf.o)
 .data          0x3004f450        0x0 /opt/CodeSourcery/Sourcery_G++_Lite/arm-none-eabi/lib/libc.a(lib_a-wsetup.o)
 .data          0x3004f450        0x0 /opt/CodeSourcery/Sourcery_G++_Lite/arm-none-eabi/lib/libc.a(lib_a-dtoa.o)
 .data          0x3004f450        0x0 /opt/CodeSourcery/Sourcery_G++_Lite/arm-none-eabi/lib/libc.a(lib_a-fflush.o)
 .data          0x3004f450        0x0 /opt/CodeSourcery/Sourcery_G++_Lite/arm-none-eabi/lib/libc.a(lib_a-findfp.o)
 .data          0x3004f450        0x0 /opt/CodeSourcery/Sourcery_G++_Lite/arm-none-eabi/lib/libc.a(lib_a-freer.o)
 .data          0x3004f450        0x0 /opt/CodeSourcery/Sourcery_G++_Lite/arm-none-eabi/lib/libc.a(lib_a-fwalk.o)
 .data          0x3004f450       0x7c /opt/CodeSourcery/Sourcery_G++_Lite/arm-none-eabi/lib/libc.a(lib_a-locale.o)
                0x3004f470                __mb_cur_max
 .data          0x3004f4cc        0x0 /opt/CodeSourcery/Sourcery_G++_Lite/arm-none-eabi/lib/libc.a(lib_a-makebuf.o)
 .data          0x3004f4cc      0x410 /opt/CodeSourcery/Sourcery_G++_Lite/arm-none-eabi/lib/libc.a(lib_a-mallocr.o)
                0x3004f4cc                __malloc_av_
                0x3004f8d4                __malloc_sbrk_base
                0x3004f8d8                __malloc_trim_threshold
 .data          0x3004f8dc        0x0 /opt/CodeSourcery/Sourcery_G++_Lite/arm-none-eabi/lib/libc.a(lib_a-memchr.o)
 .data          0x3004f8dc        0x0 /opt/CodeSourcery/Sourcery_G++_Lite/arm-none-eabi/lib/libc.a(lib_a-memcpy.o)
 .data          0x3004f8dc        0x0 /opt/CodeSourcery/Sourcery_G++_Lite/arm-none-eabi/lib/libc.a(lib_a-mlock.o)
 .data          0x3004f8dc        0x0 /opt/CodeSourcery/Sourcery_G++_Lite/arm-none-eabi/lib/libc.a(lib_a-mprec.o)
 .data          0x3004f8dc        0x0 /opt/CodeSourcery/Sourcery_G++_Lite/arm-none-eabi/lib/libc.a(lib_a-s_fpclassify.o)
 .data          0x3004f8dc        0x0 /opt/CodeSourcery/Sourcery_G++_Lite/arm-none-eabi/lib/libc.a(lib_a-stdio.o)
 .data          0x3004f8dc        0x0 /opt/CodeSourcery/Sourcery_G++_Lite/arm-none-eabi/lib/libc.a(lib_a-strcmp.o)
 .data          0x3004f8dc        0x0 /opt/CodeSourcery/Sourcery_G++_Lite/arm-none-eabi/lib/libc.a(lib_a-svfprintf.o)
 .data          0x3004f8dc        0x0 /opt/CodeSourcery/Sourcery_G++_Lite/arm-none-eabi/lib/libc.a(lib_a-vfiprintf.o)
 .data          0x3004f8dc        0x0 /opt/CodeSourcery/Sourcery_G++_Lite/arm-none-eabi/lib/libc.a(lib_a-callocr.o)
 .data          0x3004f8dc        0x0 /opt/CodeSourcery/Sourcery_G++_Lite/arm-none-eabi/lib/libc.a(lib_a-fclose.o)
 .data          0x3004f8dc        0x0 /opt/CodeSourcery/Sourcery_G++_Lite/arm-none-eabi/lib/libc.a(lib_a-fputwc.o)
 .data          0x3004f8dc        0x0 /opt/CodeSourcery/Sourcery_G++_Lite/arm-none-eabi/lib/libc.a(lib_a-fvwrite.o)
 .data          0x3004f8dc        0x0 /opt/CodeSourcery/Sourcery_G++_Lite/arm-none-eabi/lib/libc.a(lib_a-memmove.o)
 .data          0x3004f8dc        0x0 /opt/CodeSourcery/Sourcery_G++_Lite/arm-none-eabi/lib/libc.a(lib_a-reallocr.o)
 .data          0x3004f8dc        0x0 /opt/CodeSourcery/Sourcery_G++_Lite/arm-none-eabi/lib/libc.a(lib_a-svfiprintf.o)
 .data          0x3004f8dc        0x0 /opt/CodeSourcery/Sourcery_G++_Lite/arm-none-eabi/lib/libc.a(lib_a-wbuf.o)
 .data          0x3004f8dc        0x0 /opt/CodeSourcery/Sourcery_G++_Lite/arm-none-eabi/lib/libc.a(lib_a-wcrtomb.o)
 .data          0x3004f8dc        0x4 /opt/CodeSourcery/Sourcery_G++_Lite/arm-none-eabi/lib/libc.a(lib_a-wctomb_r.o)
                0x3004f8dc                __wctomb
 .data          0x3004f8e0        0x0 /opt/CodeSourcery/Sourcery_G++_Lite/lib/gcc/arm-none-eabi/4.5.2/libgcc.a(_udivsi3.o)
 .data          0x3004f8e0        0x0 /opt/CodeSourcery/Sourcery_G++_Lite/lib/gcc/arm-none-eabi/4.5.2/libgcc.a(_dvmd_tls.o)
 .data          0x3004f8e0        0x0 /opt/CodeSourcery/Sourcery_G++_Lite/lib/gcc/arm-none-eabi/4.5.2/libgcc.a(_arm_addsubdf3.o)
 .data          0x3004f8e0        0x0 /opt/CodeSourcery/Sourcery_G++_Lite/lib/gcc/arm-none-eabi/4.5.2/libgcc.a(_arm_muldivdf3.o)
 .data          0x3004f8e0        0x0 /opt/CodeSourcery/Sourcery_G++_Lite/lib/gcc/arm-none-eabi/4.5.2/libgcc.a(_arm_cmpdf2.o)
 .data          0x3004f8e0        0x0 /opt/CodeSourcery/Sourcery_G++_Lite/lib/gcc/arm-none-eabi/4.5.2/libgcc.a(_arm_fixdfsi.o)
 .data          0x3004f8e0        0x0 /opt/CodeSourcery/Sourcery_G++_Lite/lib/gcc/arm-none-eabi/4.5.2/libgcc.a(_arm_fixunsdfsi.o)
 .data          0x3004f8e0        0x0 /opt/CodeSourcery/Sourcery_G++_Lite/lib/gcc/arm-none-eabi/4.5.2/libgcc.a(_aeabi_uldivmod.o)
 .data          0x3004f8e0        0x0 /opt/CodeSourcery/Sourcery_G++_Lite/lib/gcc/arm-none-eabi/4.5.2/libgcc.a(bpabi.o)
 .data          0x3004f8e0        0x0 /opt/CodeSourcery/Sourcery_G++_Lite/lib/gcc/arm-none-eabi/4.5.2/libgcc.a(_divdi3.o)
 .data          0x3004f8e0        0x0 /opt/CodeSourcery/Sourcery_G++_Lite/lib/gcc/arm-none-eabi/4.5.2/libgcc.a(_udivdi3.o)
 .data          0x3004f8e0        0x0 /opt/CodeSourcery/Sourcery_G++_Lite/lib/gcc/arm-none-eabi/4.5.2/libgcc.a(_clzsi2.o)
 *(.data.*)
                0x3004f8e0                . = ALIGN (0x8)
                0x3004f8e0                data_end_addr = .
                0x3004f8e0                __DATA_END__ = .

.bss            0x3004f8e0       0x48
                0x3004f8e0                bss_start_addr = .
                0x3004f8e0                __BSS_START__ = .
 *(.bss)
 .bss           0x3004f8e0        0x0 s3c2450_startup.o
 .bss           0x3004f8e0        0x4 Main.o
                0x3004f8e0                tick
 .bss           0x3004f8e4        0x0 exception.o
 .bss           0x3004f8e4        0x0 libc.o
 .bss           0x3004f8e4        0x0 Uart.o
 .bss           0x3004f8e4        0x4 syscall.o
 .bss           0x3004f8e8        0x0 timer.o
 .bss           0x3004f8e8        0x0 libs.o
 .bss           0x3004f8e8        0x0 /opt/CodeSourcery/Sourcery_G++_Lite/arm-none-eabi/lib/libc.a(lib_a-errno.o)
 .bss           0x3004f8e8        0x0 /opt/CodeSourcery/Sourcery_G++_Lite/arm-none-eabi/lib/libc.a(lib_a-impure.o)
 .bss           0x3004f8e8        0x0 /opt/CodeSourcery/Sourcery_G++_Lite/arm-none-eabi/lib/libc.a(lib_a-memset.o)
 .bss           0x3004f8e8        0x0 /opt/CodeSourcery/Sourcery_G++_Lite/arm-none-eabi/lib/libc.a(lib_a-printf.o)
 .bss           0x3004f8e8        0x0 /opt/CodeSourcery/Sourcery_G++_Lite/arm-none-eabi/lib/libc.a(lib_a-vfprintf.o)
 .bss           0x3004f8e8        0x0 /opt/CodeSourcery/Sourcery_G++_Lite/arm-none-eabi/lib/libc.a(lib_a-vsprintf.o)
 .bss           0x3004f8e8        0x0 /opt/CodeSourcery/Sourcery_G++_Lite/arm-none-eabi/lib/libc.a(lib_a-wsetup.o)
 .bss           0x3004f8e8        0x0 /opt/CodeSourcery/Sourcery_G++_Lite/arm-none-eabi/lib/libc.a(lib_a-dtoa.o)
 .bss           0x3004f8e8        0x0 /opt/CodeSourcery/Sourcery_G++_Lite/arm-none-eabi/lib/libc.a(lib_a-fflush.o)
 .bss           0x3004f8e8        0x0 /opt/CodeSourcery/Sourcery_G++_Lite/arm-none-eabi/lib/libc.a(lib_a-findfp.o)
 .bss           0x3004f8e8        0x0 /opt/CodeSourcery/Sourcery_G++_Lite/arm-none-eabi/lib/libc.a(lib_a-freer.o)
 .bss           0x3004f8e8        0x0 /opt/CodeSourcery/Sourcery_G++_Lite/arm-none-eabi/lib/libc.a(lib_a-fwalk.o)
 .bss           0x3004f8e8        0xc /opt/CodeSourcery/Sourcery_G++_Lite/arm-none-eabi/lib/libc.a(lib_a-locale.o)
                0x3004f8e8                __nlocale_changed
                0x3004f8ec                __mlocale_changed
                0x3004f8f0                _PathLocale
 .bss           0x3004f8f4        0x0 /opt/CodeSourcery/Sourcery_G++_Lite/arm-none-eabi/lib/libc.a(lib_a-makebuf.o)
 .bss           0x3004f8f4       0x34 /opt/CodeSourcery/Sourcery_G++_Lite/arm-none-eabi/lib/libc.a(lib_a-mallocr.o)
                0x3004f8f4                __malloc_top_pad
                0x3004f8f8                __malloc_current_mallinfo
                0x3004f920                __malloc_max_sbrked_mem
                0x3004f924                __malloc_max_total_mem
 .bss           0x3004f928        0x0 /opt/CodeSourcery/Sourcery_G++_Lite/arm-none-eabi/lib/libc.a(lib_a-memchr.o)
 .bss           0x3004f928        0x0 /opt/CodeSourcery/Sourcery_G++_Lite/arm-none-eabi/lib/libc.a(lib_a-memcpy.o)
 .bss           0x3004f928        0x0 /opt/CodeSourcery/Sourcery_G++_Lite/arm-none-eabi/lib/libc.a(lib_a-mlock.o)
 .bss           0x3004f928        0x0 /opt/CodeSourcery/Sourcery_G++_Lite/arm-none-eabi/lib/libc.a(lib_a-mprec.o)
 .bss           0x3004f928        0x0 /opt/CodeSourcery/Sourcery_G++_Lite/arm-none-eabi/lib/libc.a(lib_a-s_fpclassify.o)
 .bss           0x3004f928        0x0 /opt/CodeSourcery/Sourcery_G++_Lite/arm-none-eabi/lib/libc.a(lib_a-stdio.o)
 .bss           0x3004f928        0x0 /opt/CodeSourcery/Sourcery_G++_Lite/arm-none-eabi/lib/libc.a(lib_a-strcmp.o)
 .bss           0x3004f928        0x0 /opt/CodeSourcery/Sourcery_G++_Lite/arm-none-eabi/lib/libc.a(lib_a-svfprintf.o)
 .bss           0x3004f928        0x0 /opt/CodeSourcery/Sourcery_G++_Lite/arm-none-eabi/lib/libc.a(lib_a-vfiprintf.o)
 .bss           0x3004f928        0x0 /opt/CodeSourcery/Sourcery_G++_Lite/arm-none-eabi/lib/libc.a(lib_a-callocr.o)
 .bss           0x3004f928        0x0 /opt/CodeSourcery/Sourcery_G++_Lite/arm-none-eabi/lib/libc.a(lib_a-fclose.o)
 .bss           0x3004f928        0x0 /opt/CodeSourcery/Sourcery_G++_Lite/arm-none-eabi/lib/libc.a(lib_a-fputwc.o)
 .bss           0x3004f928        0x0 /opt/CodeSourcery/Sourcery_G++_Lite/arm-none-eabi/lib/libc.a(lib_a-fvwrite.o)
 .bss           0x3004f928        0x0 /opt/CodeSourcery/Sourcery_G++_Lite/arm-none-eabi/lib/libc.a(lib_a-memmove.o)
 .bss           0x3004f928        0x0 /opt/CodeSourcery/Sourcery_G++_Lite/arm-none-eabi/lib/libc.a(lib_a-reallocr.o)
 .bss           0x3004f928        0x0 /opt/CodeSourcery/Sourcery_G++_Lite/arm-none-eabi/lib/libc.a(lib_a-svfiprintf.o)
 .bss           0x3004f928        0x0 /opt/CodeSourcery/Sourcery_G++_Lite/arm-none-eabi/lib/libc.a(lib_a-wbuf.o)
 .bss           0x3004f928        0x0 /opt/CodeSourcery/Sourcery_G++_Lite/arm-none-eabi/lib/libc.a(lib_a-wcrtomb.o)
 .bss           0x3004f928        0x0 /opt/CodeSourcery/Sourcery_G++_Lite/arm-none-eabi/lib/libc.a(lib_a-wctomb_r.o)
 .bss           0x3004f928        0x0 /opt/CodeSourcery/Sourcery_G++_Lite/lib/gcc/arm-none-eabi/4.5.2/libgcc.a(_udivsi3.o)
 .bss           0x3004f928        0x0 /opt/CodeSourcery/Sourcery_G++_Lite/lib/gcc/arm-none-eabi/4.5.2/libgcc.a(_dvmd_tls.o)
 .bss           0x3004f928        0x0 /opt/CodeSourcery/Sourcery_G++_Lite/lib/gcc/arm-none-eabi/4.5.2/libgcc.a(_arm_addsubdf3.o)
 .bss           0x3004f928        0x0 /opt/CodeSourcery/Sourcery_G++_Lite/lib/gcc/arm-none-eabi/4.5.2/libgcc.a(_arm_muldivdf3.o)
 .bss           0x3004f928        0x0 /opt/CodeSourcery/Sourcery_G++_Lite/lib/gcc/arm-none-eabi/4.5.2/libgcc.a(_arm_cmpdf2.o)
 .bss           0x3004f928        0x0 /opt/CodeSourcery/Sourcery_G++_Lite/lib/gcc/arm-none-eabi/4.5.2/libgcc.a(_arm_fixdfsi.o)
 .bss           0x3004f928        0x0 /opt/CodeSourcery/Sourcery_G++_Lite/lib/gcc/arm-none-eabi/4.5.2/libgcc.a(_arm_fixunsdfsi.o)
 .bss           0x3004f928        0x0 /opt/CodeSourcery/Sourcery_G++_Lite/lib/gcc/arm-none-eabi/4.5.2/libgcc.a(_aeabi_uldivmod.o)
 .bss           0x3004f928        0x0 /opt/CodeSourcery/Sourcery_G++_Lite/lib/gcc/arm-none-eabi/4.5.2/libgcc.a(bpabi.o)
 .bss           0x3004f928        0x0 /opt/CodeSourcery/Sourcery_G++_Lite/lib/gcc/arm-none-eabi/4.5.2/libgcc.a(_divdi3.o)
 .bss           0x3004f928        0x0 /opt/CodeSourcery/Sourcery_G++_Lite/lib/gcc/arm-none-eabi/4.5.2/libgcc.a(_udivdi3.o)
 .bss           0x3004f928        0x0 /opt/CodeSourcery/Sourcery_G++_Lite/lib/gcc/arm-none-eabi/4.5.2/libgcc.a(_clzsi2.o)
 *(.bss.*)
 *(COMMON)
                0x3004f928                . = ALIGN (0x8)
                0x3004f928                bss_end_addr = .
                0x3004f928                __BSS_END__ = .

.heap           0x00000000   0x200000
                0x00000000                . = ALIGN (0x10)
                0x00000000                _heap = .
                0x00000000                HeapBase = .
                0x00000000                _heap_start = .
                0x00000000                _start_heap = .
                0x00200000                . = (. + _HEAP_SIZE)
 *fill*         0x00000000   0x200000 00
                0x00200000                _heap_end = .
                0x00200000                HeapLimit = .
                0x00000000                PROVIDE (__cs3_heap_start, _start_heap)
                0x00200000                end = .
                0x00200000                PROVIDE (end, .)

.int_vec        0x33ffff00       0xc0
 s3c2450_startup.o(int_vect)
 int_vect       0x33ffff00       0xc0 s3c2450_startup.o
                0x33ffff00                HandleReset
                0x33ffff04                HandleUndef
                0x33ffff08                HandleSWI
                0x33ffff0c                HandlePabort
                0x33ffff10                HandleDabort
                0x33ffff14                HandleReserved
                0x33ffff18                HandleIRQ
                0x33ffff1c                HandleFIQ
                0x33ffff20                HandleEINT0
                0x33ffff24                HandleEINT1
                0x33ffff28                HandleEINT2
                0x33ffff2c                HandleEINT3
                0x33ffff30                HandleEINT4_7
                0x33ffff34                HandleEINT8_23
                0x33ffff38                HandleCAM
                0x33ffff3c                HandleBATFLT
                0x33ffff40                HandleTICK
                0x33ffff44                HandleWDT
                0x33ffff48                HandleTIMER0
                0x33ffff4c                HandleTIMER1
                0x33ffff50                HandleTIMER2
                0x33ffff54                HandleTIMER3
                0x33ffff58                HandleTIMER4
                0x33ffff5c                HandleUART2
                0x33ffff60                HandleLCD
                0x33ffff64                HandleDMA
                0x33ffff68                HandleUART3
                0x33ffff6c                HandleCFCON
                0x33ffff70                HandleSDI1
                0x33ffff74                HandleSDI0
                0x33ffff78                HandleSPI0
                0x33ffff7c                HandleUART1
                0x33ffff80                HandleNFCON
                0x33ffff84                HandleUSBD
                0x33ffff88                HandleUSBH
                0x33ffff8c                HandleIIC
                0x33ffff90                HandleUART0
                0x33ffff94                HandleSPI1
                0x33ffff98                HandleRTC
                0x33ffff9c                HandleADC
                0x33ffffa0                Handle2D
                0x33ffffa4                HandleIIC1
                0x33ffffa8                HandleRSV1
                0x33ffffac                HandleRSV2
                0x33ffffb0                HandlePCM0
                0x33ffffb4                HandlePCM1
                0x33ffffb8                HandleI2S0
                0x33ffffbc                HandleI2S1
LOAD Main.o
LOAD exception.o
LOAD libc.o
LOAD Uart.o
LOAD syscall.o
LOAD timer.o
LOAD s3c2450_startup.o
LOAD libs.o
LOAD /opt/CodeSourcery/Sourcery_G++_Lite/arm-none-eabi/lib/libc.a
LOAD /opt/CodeSourcery/Sourcery_G++_Lite/lib/gcc/arm-none-eabi/4.5.2/libgcc.a
LOAD /opt/CodeSourcery/Sourcery_G++_Lite/lib/gcc/arm-none-eabi/4.5.2/libgcc.a
OUTPUT(MDS2450 elf32-littlearm)

.ARM.attributes
                0x00000000       0x28
 .ARM.attributes
                0x00000000       0x1c s3c2450_startup.o
 .ARM.attributes
                0x0000001c       0x2c Main.o
 .ARM.attributes
                0x00000048       0x2c exception.o
 .ARM.attributes
                0x00000074       0x2c libc.o
 .ARM.attributes
                0x000000a0       0x2c Uart.o
 .ARM.attributes
                0x000000cc       0x2c syscall.o
 .ARM.attributes
                0x000000f8       0x2c timer.o
 .ARM.attributes
                0x00000124       0x1c libs.o
 .ARM.attributes
                0x00000140       0x34 /opt/CodeSourcery/Sourcery_G++_Lite/arm-none-eabi/lib/libc.a(lib_a-errno.o)
 .ARM.attributes
                0x00000174       0x34 /opt/CodeSourcery/Sourcery_G++_Lite/arm-none-eabi/lib/libc.a(lib_a-impure.o)
 .ARM.attributes
                0x000001a8       0x34 /opt/CodeSourcery/Sourcery_G++_Lite/arm-none-eabi/lib/libc.a(lib_a-memset.o)
 .ARM.attributes
                0x000001dc       0x34 /opt/CodeSourcery/Sourcery_G++_Lite/arm-none-eabi/lib/libc.a(lib_a-printf.o)
 .ARM.attributes
                0x00000210       0x34 /opt/CodeSourcery/Sourcery_G++_Lite/arm-none-eabi/lib/libc.a(lib_a-vfprintf.o)
 .ARM.attributes
                0x00000244       0x34 /opt/CodeSourcery/Sourcery_G++_Lite/arm-none-eabi/lib/libc.a(lib_a-vsprintf.o)
 .ARM.attributes
                0x00000278       0x34 /opt/CodeSourcery/Sourcery_G++_Lite/arm-none-eabi/lib/libc.a(lib_a-wsetup.o)
 .ARM.attributes
                0x000002ac       0x34 /opt/CodeSourcery/Sourcery_G++_Lite/arm-none-eabi/lib/libc.a(lib_a-dtoa.o)
 .ARM.attributes
                0x000002e0       0x34 /opt/CodeSourcery/Sourcery_G++_Lite/arm-none-eabi/lib/libc.a(lib_a-fflush.o)
 .ARM.attributes
                0x00000314       0x34 /opt/CodeSourcery/Sourcery_G++_Lite/arm-none-eabi/lib/libc.a(lib_a-findfp.o)
 .ARM.attributes
                0x00000348       0x34 /opt/CodeSourcery/Sourcery_G++_Lite/arm-none-eabi/lib/libc.a(lib_a-freer.o)
 .ARM.attributes
                0x0000037c       0x34 /opt/CodeSourcery/Sourcery_G++_Lite/arm-none-eabi/lib/libc.a(lib_a-fwalk.o)
 .ARM.attributes
                0x000003b0       0x34 /opt/CodeSourcery/Sourcery_G++_Lite/arm-none-eabi/lib/libc.a(lib_a-locale.o)
 .ARM.attributes
                0x000003e4       0x34 /opt/CodeSourcery/Sourcery_G++_Lite/arm-none-eabi/lib/libc.a(lib_a-makebuf.o)
 .ARM.attributes
                0x00000418       0x34 /opt/CodeSourcery/Sourcery_G++_Lite/arm-none-eabi/lib/libc.a(lib_a-mallocr.o)
 .ARM.attributes
                0x0000044c       0x34 /opt/CodeSourcery/Sourcery_G++_Lite/arm-none-eabi/lib/libc.a(lib_a-memchr.o)
 .ARM.attributes
                0x00000480       0x34 /opt/CodeSourcery/Sourcery_G++_Lite/arm-none-eabi/lib/libc.a(lib_a-memcpy.o)
 .ARM.attributes
                0x000004b4       0x34 /opt/CodeSourcery/Sourcery_G++_Lite/arm-none-eabi/lib/libc.a(lib_a-mlock.o)
 .ARM.attributes
                0x000004e8       0x34 /opt/CodeSourcery/Sourcery_G++_Lite/arm-none-eabi/lib/libc.a(lib_a-mprec.o)
 .ARM.attributes
                0x0000051c       0x34 /opt/CodeSourcery/Sourcery_G++_Lite/arm-none-eabi/lib/libc.a(lib_a-s_fpclassify.o)
 .ARM.attributes
                0x00000550       0x34 /opt/CodeSourcery/Sourcery_G++_Lite/arm-none-eabi/lib/libc.a(lib_a-stdio.o)
 .ARM.attributes
                0x00000584       0x34 /opt/CodeSourcery/Sourcery_G++_Lite/arm-none-eabi/lib/libc.a(lib_a-strcmp.o)
 .ARM.attributes
                0x000005b8       0x34 /opt/CodeSourcery/Sourcery_G++_Lite/arm-none-eabi/lib/libc.a(lib_a-svfprintf.o)
 .ARM.attributes
                0x000005ec       0x34 /opt/CodeSourcery/Sourcery_G++_Lite/arm-none-eabi/lib/libc.a(lib_a-vfiprintf.o)
 .ARM.attributes
                0x00000620       0x34 /opt/CodeSourcery/Sourcery_G++_Lite/arm-none-eabi/lib/libc.a(lib_a-callocr.o)
 .ARM.attributes
                0x00000654       0x34 /opt/CodeSourcery/Sourcery_G++_Lite/arm-none-eabi/lib/libc.a(lib_a-fclose.o)
 .ARM.attributes
                0x00000688       0x34 /opt/CodeSourcery/Sourcery_G++_Lite/arm-none-eabi/lib/libc.a(lib_a-fputwc.o)
 .ARM.attributes
                0x000006bc       0x34 /opt/CodeSourcery/Sourcery_G++_Lite/arm-none-eabi/lib/libc.a(lib_a-fvwrite.o)
 .ARM.attributes
                0x000006f0       0x34 /opt/CodeSourcery/Sourcery_G++_Lite/arm-none-eabi/lib/libc.a(lib_a-memmove.o)
 .ARM.attributes
                0x00000724       0x34 /opt/CodeSourcery/Sourcery_G++_Lite/arm-none-eabi/lib/libc.a(lib_a-reallocr.o)
 .ARM.attributes
                0x00000758       0x34 /opt/CodeSourcery/Sourcery_G++_Lite/arm-none-eabi/lib/libc.a(lib_a-svfiprintf.o)
 .ARM.attributes
                0x0000078c       0x34 /opt/CodeSourcery/Sourcery_G++_Lite/arm-none-eabi/lib/libc.a(lib_a-wbuf.o)
 .ARM.attributes
                0x000007c0       0x34 /opt/CodeSourcery/Sourcery_G++_Lite/arm-none-eabi/lib/libc.a(lib_a-wcrtomb.o)
 .ARM.attributes
                0x000007f4       0x34 /opt/CodeSourcery/Sourcery_G++_Lite/arm-none-eabi/lib/libc.a(lib_a-wctomb_r.o)
 .ARM.attributes
                0x00000828       0x1a /opt/CodeSourcery/Sourcery_G++_Lite/lib/gcc/arm-none-eabi/4.5.2/libgcc.a(_udivsi3.o)
 .ARM.attributes
                0x00000842       0x18 /opt/CodeSourcery/Sourcery_G++_Lite/lib/gcc/arm-none-eabi/4.5.2/libgcc.a(_dvmd_tls.o)
 .ARM.attributes
                0x0000085a       0x1a /opt/CodeSourcery/Sourcery_G++_Lite/lib/gcc/arm-none-eabi/4.5.2/libgcc.a(_arm_addsubdf3.o)
 .ARM.attributes
                0x00000874       0x1a /opt/CodeSourcery/Sourcery_G++_Lite/lib/gcc/arm-none-eabi/4.5.2/libgcc.a(_arm_muldivdf3.o)
 .ARM.attributes
                0x0000088e       0x1a /opt/CodeSourcery/Sourcery_G++_Lite/lib/gcc/arm-none-eabi/4.5.2/libgcc.a(_arm_cmpdf2.o)
 .ARM.attributes
                0x000008a8       0x1a /opt/CodeSourcery/Sourcery_G++_Lite/lib/gcc/arm-none-eabi/4.5.2/libgcc.a(_arm_fixdfsi.o)
 .ARM.attributes
                0x000008c2       0x1a /opt/CodeSourcery/Sourcery_G++_Lite/lib/gcc/arm-none-eabi/4.5.2/libgcc.a(_arm_fixunsdfsi.o)
 .ARM.attributes
                0x000008dc       0x1a /opt/CodeSourcery/Sourcery_G++_Lite/lib/gcc/arm-none-eabi/4.5.2/libgcc.a(_aeabi_uldivmod.o)
 .ARM.attributes
                0x000008f6       0x34 /opt/CodeSourcery/Sourcery_G++_Lite/lib/gcc/arm-none-eabi/4.5.2/libgcc.a(bpabi.o)
 .ARM.attributes
                0x0000092a       0x34 /opt/CodeSourcery/Sourcery_G++_Lite/lib/gcc/arm-none-eabi/4.5.2/libgcc.a(_divdi3.o)
 .ARM.attributes
                0x0000095e       0x34 /opt/CodeSourcery/Sourcery_G++_Lite/lib/gcc/arm-none-eabi/4.5.2/libgcc.a(_udivdi3.o)
 .ARM.attributes
                0x00000992       0x1a /opt/CodeSourcery/Sourcery_G++_Lite/lib/gcc/arm-none-eabi/4.5.2/libgcc.a(_clzsi2.o)

.comment        0x00000000       0x2a
 .comment       0x00000000       0x2a Main.o
                                 0x2b (size before relaxing)
 .comment       0x00000000       0x2b exception.o
 .comment       0x00000000       0x2b libc.o
 .comment       0x00000000       0x2b Uart.o
 .comment       0x00000000       0x2b syscall.o
 .comment       0x00000000       0x2b timer.o

.debug_line     0x00000000      0x6f0
 .debug_line    0x00000000       0xbe s3c2450_startup.o
 .debug_line    0x000000be       0x6b Main.o
 .debug_line    0x00000129       0x67 exception.o
 .debug_line    0x00000190      0x123 libc.o
 .debug_line    0x000002b3      0x158 Uart.o
 .debug_line    0x0000040b      0x178 syscall.o
 .debug_line    0x00000583       0x5a timer.o
 .debug_line    0x000005dd      0x113 libs.o

.debug_info     0x00000000     0x1773
 .debug_info    0x00000000       0x5a s3c2450_startup.o
 .debug_info    0x0000005a      0x136 Main.o
 .debug_info    0x00000190      0x130 exception.o
 .debug_info    0x000002c0      0x2f1 libc.o
 .debug_info    0x000005b1      0x30e Uart.o
 .debug_info    0x000008bf      0xdc6 syscall.o
 .debug_info    0x00001685       0x9f timer.o
 .debug_info    0x00001724       0x4f libs.o

.debug_abbrev   0x00000000      0x64d
 .debug_abbrev  0x00000000       0x14 s3c2450_startup.o
 .debug_abbrev  0x00000014       0xc9 Main.o
 .debug_abbrev  0x000000dd       0x7d exception.o
 .debug_abbrev  0x0000015a      0x15c libc.o
 .debug_abbrev  0x000002b6       0xe8 Uart.o
 .debug_abbrev  0x0000039e      0x21f syscall.o
 .debug_abbrev  0x000005bd       0x7c timer.o
 .debug_abbrev  0x00000639       0x14 libs.o

.debug_aranges  0x00000000      0x100
 .debug_aranges
                0x00000000       0x20 s3c2450_startup.o
 .debug_aranges
                0x00000020       0x20 Main.o
 .debug_aranges
                0x00000040       0x20 exception.o
 .debug_aranges
                0x00000060       0x20 libc.o
 .debug_aranges
                0x00000080       0x20 Uart.o
 .debug_aranges
                0x000000a0       0x20 syscall.o
 .debug_aranges
                0x000000c0       0x20 timer.o
 .debug_aranges
                0x000000e0       0x20 libs.o

.debug_loc      0x00000000      0x764
 .debug_loc     0x00000000       0x58 Main.o
 .debug_loc     0x00000058       0xdc exception.o
 .debug_loc     0x00000134      0x210 libc.o
 .debug_loc     0x00000344      0x210 Uart.o
 .debug_loc     0x00000554      0x160 syscall.o
 .debug_loc     0x000006b4       0xb0 timer.o

.debug_pubnames
                0x00000000      0x331
 .debug_pubnames
                0x00000000       0x3f Main.o
 .debug_pubnames
                0x0000003f       0x6d exception.o
 .debug_pubnames
                0x000000ac       0xcc libc.o
 .debug_pubnames
                0x00000178       0xd9 Uart.o
 .debug_pubnames
                0x00000251       0x84 syscall.o
 .debug_pubnames
                0x000002d5       0x5c timer.o

.debug_str      0x00000000      0x82b
 .debug_str     0x00000000       0xac Main.o
                                 0xb9 (size before relaxing)
 .debug_str     0x000000ac       0x9b exception.o
                                 0xd3 (size before relaxing)
 .debug_str     0x00000147       0xa7 libc.o
                                0x126 (size before relaxing)
 .debug_str     0x000001ee       0xd4 Uart.o
                                0x127 (size before relaxing)
 .debug_str     0x000002c2      0x53e syscall.o
                                0x612 (size before relaxing)
 .debug_str     0x00000800       0x2b timer.o
                                 0x7f (size before relaxing)

.debug_frame    0x00000000     0x1298
 .debug_frame   0x00000000       0x54 Main.o
 .debug_frame   0x00000054       0xb0 exception.o
 .debug_frame   0x00000104      0x190 libc.o
 .debug_frame   0x00000294      0x19c Uart.o
 .debug_frame   0x00000430      0x110 syscall.o
 .debug_frame   0x00000540       0x94 timer.o
 .debug_frame   0x000005d4       0x20 /opt/CodeSourcery/Sourcery_G++_Lite/arm-none-eabi/lib/libc.a(lib_a-errno.o)
 .debug_frame   0x000005f4       0x28 /opt/CodeSourcery/Sourcery_G++_Lite/arm-none-eabi/lib/libc.a(lib_a-memset.o)
 .debug_frame   0x0000061c       0x58 /opt/CodeSourcery/Sourcery_G++_Lite/arm-none-eabi/lib/libc.a(lib_a-printf.o)
 .debug_frame   0x00000674       0x58 /opt/CodeSourcery/Sourcery_G++_Lite/arm-none-eabi/lib/libc.a(lib_a-vfprintf.o)
 .debug_frame   0x000006cc       0x44 /opt/CodeSourcery/Sourcery_G++_Lite/arm-none-eabi/lib/libc.a(lib_a-vsprintf.o)
 .debug_frame   0x00000710       0x2c /opt/CodeSourcery/Sourcery_G++_Lite/arm-none-eabi/lib/libc.a(lib_a-wsetup.o)
 .debug_frame   0x0000073c       0x64 /opt/CodeSourcery/Sourcery_G++_Lite/arm-none-eabi/lib/libc.a(lib_a-dtoa.o)
 .debug_frame   0x000007a0       0x48 /opt/CodeSourcery/Sourcery_G++_Lite/arm-none-eabi/lib/libc.a(lib_a-fflush.o)
 .debug_frame   0x000007e8      0x12c /opt/CodeSourcery/Sourcery_G++_Lite/arm-none-eabi/lib/libc.a(lib_a-findfp.o)
 .debug_frame   0x00000914       0x50 /opt/CodeSourcery/Sourcery_G++_Lite/arm-none-eabi/lib/libc.a(lib_a-freer.o)
 .debug_frame   0x00000964       0x58 /opt/CodeSourcery/Sourcery_G++_Lite/arm-none-eabi/lib/libc.a(lib_a-fwalk.o)
 .debug_frame   0x000009bc       0x98 /opt/CodeSourcery/Sourcery_G++_Lite/arm-none-eabi/lib/libc.a(lib_a-locale.o)
 .debug_frame   0x00000a54       0x34 /opt/CodeSourcery/Sourcery_G++_Lite/arm-none-eabi/lib/libc.a(lib_a-makebuf.o)
 .debug_frame   0x00000a88       0x3c /opt/CodeSourcery/Sourcery_G++_Lite/arm-none-eabi/lib/libc.a(lib_a-mallocr.o)
 .debug_frame   0x00000ac4       0x2c /opt/CodeSourcery/Sourcery_G++_Lite/arm-none-eabi/lib/libc.a(lib_a-memchr.o)
 .debug_frame   0x00000af0       0x30 /opt/CodeSourcery/Sourcery_G++_Lite/arm-none-eabi/lib/libc.a(lib_a-memcpy.o)
 .debug_frame   0x00000b20       0x30 /opt/CodeSourcery/Sourcery_G++_Lite/arm-none-eabi/lib/libc.a(lib_a-mlock.o)
 .debug_frame   0x00000b50      0x228 /opt/CodeSourcery/Sourcery_G++_Lite/arm-none-eabi/lib/libc.a(lib_a-mprec.o)
 .debug_frame   0x00000d78       0x28 /opt/CodeSourcery/Sourcery_G++_Lite/arm-none-eabi/lib/libc.a(lib_a-s_fpclassify.o)
 .debug_frame   0x00000da0       0x88 /opt/CodeSourcery/Sourcery_G++_Lite/arm-none-eabi/lib/libc.a(lib_a-stdio.o)
 .debug_frame   0x00000e28       0x30 /opt/CodeSourcery/Sourcery_G++_Lite/arm-none-eabi/lib/libc.a(lib_a-strcmp.o)
 .debug_frame   0x00000e58       0x3c /opt/CodeSourcery/Sourcery_G++_Lite/arm-none-eabi/lib/libc.a(lib_a-svfprintf.o)
 .debug_frame   0x00000e94       0x7c /opt/CodeSourcery/Sourcery_G++_Lite/arm-none-eabi/lib/libc.a(lib_a-vfiprintf.o)
 .debug_frame   0x00000f10       0x28 /opt/CodeSourcery/Sourcery_G++_Lite/arm-none-eabi/lib/libc.a(lib_a-callocr.o)
 .debug_frame   0x00000f38       0x3c /opt/CodeSourcery/Sourcery_G++_Lite/arm-none-eabi/lib/libc.a(lib_a-fclose.o)
 .debug_frame   0x00000f74       0x54 /opt/CodeSourcery/Sourcery_G++_Lite/arm-none-eabi/lib/libc.a(lib_a-fputwc.o)
 .debug_frame   0x00000fc8       0x3c /opt/CodeSourcery/Sourcery_G++_Lite/arm-none-eabi/lib/libc.a(lib_a-fvwrite.o)
 .debug_frame   0x00001004       0x2c /opt/CodeSourcery/Sourcery_G++_Lite/arm-none-eabi/lib/libc.a(lib_a-memmove.o)
 .debug_frame   0x00001030       0x3c /opt/CodeSourcery/Sourcery_G++_Lite/arm-none-eabi/lib/libc.a(lib_a-reallocr.o)
 .debug_frame   0x0000106c       0x68 /opt/CodeSourcery/Sourcery_G++_Lite/arm-none-eabi/lib/libc.a(lib_a-svfiprintf.o)
 .debug_frame   0x000010d4       0x3c /opt/CodeSourcery/Sourcery_G++_Lite/arm-none-eabi/lib/libc.a(lib_a-wbuf.o)
 .debug_frame   0x00001110       0x5c /opt/CodeSourcery/Sourcery_G++_Lite/arm-none-eabi/lib/libc.a(lib_a-wcrtomb.o)
 .debug_frame   0x0000116c       0x44 /opt/CodeSourcery/Sourcery_G++_Lite/arm-none-eabi/lib/libc.a(lib_a-wctomb_r.o)
 .debug_frame   0x000011b0       0x20 /opt/CodeSourcery/Sourcery_G++_Lite/lib/gcc/arm-none-eabi/4.5.2/libgcc.a(_udivsi3.o)
 .debug_frame   0x000011d0       0x50 /opt/CodeSourcery/Sourcery_G++_Lite/lib/gcc/arm-none-eabi/4.5.2/libgcc.a(bpabi.o)
 .debug_frame   0x00001220       0x3c /opt/CodeSourcery/Sourcery_G++_Lite/lib/gcc/arm-none-eabi/4.5.2/libgcc.a(_divdi3.o)
 .debug_frame   0x0000125c       0x3c /opt/CodeSourcery/Sourcery_G++_Lite/lib/gcc/arm-none-eabi/4.5.2/libgcc.a(_udivdi3.o)

.debug_pubtypes
                0x00000000      0x1a5
 .debug_pubtypes
                0x00000000       0x12 libc.o
 .debug_pubtypes
                0x00000012       0x1e Uart.o
 .debug_pubtypes
                0x00000030      0x175 syscall.o

Cross Reference Table

Symbol                                            File
CLR_IF                                            libs.o
CONDITIONAL_EXECUTE                               libs.o
ChangeRomCacheStatus                              libc.o
DATA_PROCESS1                                     libs.o
DATA_PROCESS2                                     libs.o
Dabort_Handler                                    exception.o
ElapseTimer_Start                                 timer.o
ElapseTimer_Stop                                  timer.o
Exception_Init                                    exception.o
                                                  s3c2450_startup.o
GRT_COM_MES                                       libs.o
HOW_TO_RETURN                                     libs.o
Handle2D                                          s3c2450_startup.o
HandleADC                                         s3c2450_startup.o
HandleBATFLT                                      s3c2450_startup.o
HandleCAM                                         s3c2450_startup.o
HandleCFCON                                       s3c2450_startup.o
HandleDMA                                         s3c2450_startup.o
HandleDabort                                      s3c2450_startup.o
                                                  exception.o
HandleEINT0                                       s3c2450_startup.o
HandleEINT1                                       s3c2450_startup.o
HandleEINT2                                       s3c2450_startup.o
HandleEINT3                                       s3c2450_startup.o
HandleEINT4_7                                     s3c2450_startup.o
HandleEINT8_23                                    s3c2450_startup.o
HandleFIQ                                         s3c2450_startup.o
HandleI2S0                                        s3c2450_startup.o
HandleI2S1                                        s3c2450_startup.o
HandleIIC                                         s3c2450_startup.o
HandleIIC1                                        s3c2450_startup.o
HandleIRQ                                         s3c2450_startup.o
HandleLCD                                         s3c2450_startup.o
HandleNFCON                                       s3c2450_startup.o
HandlePCM0                                        s3c2450_startup.o
HandlePCM1                                        s3c2450_startup.o
HandlePabort                                      s3c2450_startup.o
                                                  exception.o
HandleRSV1                                        s3c2450_startup.o
HandleRSV2                                        s3c2450_startup.o
HandleRTC                                         s3c2450_startup.o
HandleReserved                                    s3c2450_startup.o
HandleReset                                       s3c2450_startup.o
HandleSDI0                                        s3c2450_startup.o
HandleSDI1                                        s3c2450_startup.o
HandleSPI0                                        s3c2450_startup.o
HandleSPI1                                        s3c2450_startup.o
HandleSWI                                         s3c2450_startup.o
                                                  exception.o
HandleTICK                                        s3c2450_startup.o
HandleTIMER0                                      s3c2450_startup.o
                                                  Main.o
HandleTIMER1                                      s3c2450_startup.o
HandleTIMER2                                      s3c2450_startup.o
HandleTIMER3                                      s3c2450_startup.o
HandleTIMER4                                      s3c2450_startup.o
HandleUART0                                       s3c2450_startup.o
HandleUART1                                       s3c2450_startup.o
HandleUART2                                       s3c2450_startup.o
HandleUART3                                       s3c2450_startup.o
HandleUSBD                                        s3c2450_startup.o
HandleUSBH                                        s3c2450_startup.o
HandleUndef                                       s3c2450_startup.o
                                                  exception.o
HandleWDT                                         s3c2450_startup.o
IsrIRQ                                            s3c2450_startup.o
Led_Display                                       libc.o
                                                  Main.o
Led_Port_Init                                     libc.o
                                                  Main.o
MEMCPY                                            libs.o
MEMCPY_MULTIPLE                                   libs.o
MEMCPY_SINGLE                                     libs.o
MMU_CleanDCacheIndex                              libs.o
MMU_CleanDCacheMVA                                libs.o
MMU_CleanInvalidateDCacheIndex                    libs.o
                                                  libc.o
MMU_CleanInvalidateDCacheMVA                      libs.o
MMU_DisableAlignFault                             libs.o
MMU_DisableDCache                                 libs.o
                                                  libc.o
MMU_DisableICache                                 libs.o
                                                  libc.o
MMU_DisableMMU                                    libs.o
                                                  libc.o
MMU_EnableAlignFault                              libs.o
                                                  libc.o
MMU_EnableDCache                                  libs.o
                                                  libc.o
MMU_EnableICache                                  libs.o
                                                  libc.o
MMU_EnableMMU                                     libs.o
                                                  libc.o
MMU_Init                                          libc.o
MMU_InvalidateDCache                              libs.o
MMU_InvalidateDCacheMVA                           libs.o
MMU_InvalidateDTLB                                libs.o
MMU_InvalidateDTLBMVA                             libs.o
MMU_InvalidateICache                              libs.o
                                                  libc.o
MMU_InvalidateICacheMVA                           libs.o
MMU_InvalidateIDCache                             libs.o
MMU_InvalidateITLB                                libs.o
MMU_InvalidateITLBMVA                             libs.o
MMU_InvalidateTLB                                 libs.o
                                                  libc.o
MMU_PrefetchICacheMVA                             libs.o
MMU_SetAsyncBusMode                               libs.o
MMU_SetDCacheLockdownBase                         libs.o
MMU_SetDTLBLockdown                               libs.o
MMU_SetDomain                                     libs.o
                                                  libc.o
MMU_SetFastBusMode                                libs.o
MMU_SetICacheLockdownBase                         libs.o
MMU_SetITLBLockdown                               libs.o
MMU_SetMTT                                        libc.o
MMU_SetProcessId                                  libs.o
                                                  libc.o
MMU_SetTTBase                                     libs.o
                                                  libc.o
MMU_WaitForInterrupt                              libs.o
Main                                              Main.o
                                                  s3c2450_startup.o
MemDump                                           libc.o
MemFill                                           libc.o
Pabort_Handler                                    exception.o
ResetHandler                                      s3c2450_startup.o
SET_IF                                            libs.o
SUM_OF_DEC                                        libs.o
SWI_Handler                                       exception.o
Timer0_ISR                                        Main.o
Timer_Delay                                       timer.o
                                                  Main.o
Timer_Init                                        timer.o
                                                  Main.o
Uart_GetChar                                      Uart.o
Uart_GetIntNum                                    Uart.o
Uart_GetKey                                       Uart.o
Uart_GetString                                    Uart.o
Uart_Get_Pressed                                  Uart.o
Uart_Init                                         Uart.o
                                                  Main.o
Uart_Printf                                       Uart.o
                                                  syscall.o
                                                  libc.o
                                                  exception.o
                                                  Main.o
Uart_Send_Byte                                    Uart.o
                                                  syscall.o
Uart_Send_String                                  Uart.o
                                                  Main.o
Uart_TxEmpty                                      Uart.o
Undef_Handler                                     exception.o
WR_IF                                             libs.o
_Balloc                                           /opt/CodeSourcery/Sourcery_G++_Lite/arm-none-eabi/lib/libc.a(lib_a-mprec.o)
                                                  /opt/CodeSourcery/Sourcery_G++_Lite/arm-none-eabi/lib/libc.a(lib_a-dtoa.o)
_Bfree                                            /opt/CodeSourcery/Sourcery_G++_Lite/arm-none-eabi/lib/libc.a(lib_a-mprec.o)
                                                  /opt/CodeSourcery/Sourcery_G++_Lite/arm-none-eabi/lib/libc.a(lib_a-dtoa.o)
_PathLocale                                       /opt/CodeSourcery/Sourcery_G++_Lite/arm-none-eabi/lib/libc.a(lib_a-locale.o)
__adddf3                                          /opt/CodeSourcery/Sourcery_G++_Lite/lib/gcc/arm-none-eabi/4.5.2/libgcc.a(_arm_addsubdf3.o)
__aeabi_cdcmpeq                                   /opt/CodeSourcery/Sourcery_G++_Lite/lib/gcc/arm-none-eabi/4.5.2/libgcc.a(_arm_cmpdf2.o)
__aeabi_cdcmple                                   /opt/CodeSourcery/Sourcery_G++_Lite/lib/gcc/arm-none-eabi/4.5.2/libgcc.a(_arm_cmpdf2.o)
__aeabi_cdrcmple                                  /opt/CodeSourcery/Sourcery_G++_Lite/lib/gcc/arm-none-eabi/4.5.2/libgcc.a(_arm_cmpdf2.o)
__aeabi_d2iz                                      /opt/CodeSourcery/Sourcery_G++_Lite/lib/gcc/arm-none-eabi/4.5.2/libgcc.a(_arm_fixdfsi.o)
                                                  /opt/CodeSourcery/Sourcery_G++_Lite/arm-none-eabi/lib/libc.a(lib_a-dtoa.o)
__aeabi_d2uiz                                     /opt/CodeSourcery/Sourcery_G++_Lite/lib/gcc/arm-none-eabi/4.5.2/libgcc.a(_arm_fixunsdfsi.o)
                                                  timer.o
                                                  Uart.o
__aeabi_dadd                                      /opt/CodeSourcery/Sourcery_G++_Lite/lib/gcc/arm-none-eabi/4.5.2/libgcc.a(_arm_addsubdf3.o)
                                                  /opt/CodeSourcery/Sourcery_G++_Lite/arm-none-eabi/lib/libc.a(lib_a-dtoa.o)
                                                  Uart.o
__aeabi_dcmpeq                                    /opt/CodeSourcery/Sourcery_G++_Lite/lib/gcc/arm-none-eabi/4.5.2/libgcc.a(_arm_cmpdf2.o)
                                                  /opt/CodeSourcery/Sourcery_G++_Lite/arm-none-eabi/lib/libc.a(lib_a-svfprintf.o)
                                                  /opt/CodeSourcery/Sourcery_G++_Lite/arm-none-eabi/lib/libc.a(lib_a-dtoa.o)
                                                  /opt/CodeSourcery/Sourcery_G++_Lite/arm-none-eabi/lib/libc.a(lib_a-vfprintf.o)
__aeabi_dcmpge                                    /opt/CodeSourcery/Sourcery_G++_Lite/lib/gcc/arm-none-eabi/4.5.2/libgcc.a(_arm_cmpdf2.o)
                                                  /opt/CodeSourcery/Sourcery_G++_Lite/arm-none-eabi/lib/libc.a(lib_a-dtoa.o)
__aeabi_dcmpgt                                    /opt/CodeSourcery/Sourcery_G++_Lite/lib/gcc/arm-none-eabi/4.5.2/libgcc.a(_arm_cmpdf2.o)
                                                  /opt/CodeSourcery/Sourcery_G++_Lite/arm-none-eabi/lib/libc.a(lib_a-dtoa.o)
__aeabi_dcmple                                    /opt/CodeSourcery/Sourcery_G++_Lite/lib/gcc/arm-none-eabi/4.5.2/libgcc.a(_arm_cmpdf2.o)
__aeabi_dcmplt                                    /opt/CodeSourcery/Sourcery_G++_Lite/lib/gcc/arm-none-eabi/4.5.2/libgcc.a(_arm_cmpdf2.o)
                                                  /opt/CodeSourcery/Sourcery_G++_Lite/arm-none-eabi/lib/libc.a(lib_a-svfprintf.o)
                                                  /opt/CodeSourcery/Sourcery_G++_Lite/arm-none-eabi/lib/libc.a(lib_a-dtoa.o)
                                                  /opt/CodeSourcery/Sourcery_G++_Lite/arm-none-eabi/lib/libc.a(lib_a-vfprintf.o)
__aeabi_ddiv                                      /opt/CodeSourcery/Sourcery_G++_Lite/lib/gcc/arm-none-eabi/4.5.2/libgcc.a(_arm_muldivdf3.o)
                                                  /opt/CodeSourcery/Sourcery_G++_Lite/arm-none-eabi/lib/libc.a(lib_a-mprec.o)
                                                  /opt/CodeSourcery/Sourcery_G++_Lite/arm-none-eabi/lib/libc.a(lib_a-dtoa.o)
                                                  Uart.o
__aeabi_dmul                                      /opt/CodeSourcery/Sourcery_G++_Lite/lib/gcc/arm-none-eabi/4.5.2/libgcc.a(_arm_muldivdf3.o)
                                                  /opt/CodeSourcery/Sourcery_G++_Lite/arm-none-eabi/lib/libc.a(lib_a-mprec.o)
                                                  /opt/CodeSourcery/Sourcery_G++_Lite/arm-none-eabi/lib/libc.a(lib_a-dtoa.o)
                                                  timer.o
__aeabi_drsub                                     /opt/CodeSourcery/Sourcery_G++_Lite/lib/gcc/arm-none-eabi/4.5.2/libgcc.a(_arm_addsubdf3.o)
__aeabi_dsub                                      /opt/CodeSourcery/Sourcery_G++_Lite/lib/gcc/arm-none-eabi/4.5.2/libgcc.a(_arm_addsubdf3.o)
                                                  /opt/CodeSourcery/Sourcery_G++_Lite/arm-none-eabi/lib/libc.a(lib_a-dtoa.o)
__aeabi_f2d                                       /opt/CodeSourcery/Sourcery_G++_Lite/lib/gcc/arm-none-eabi/4.5.2/libgcc.a(_arm_addsubdf3.o)
__aeabi_i2d                                       /opt/CodeSourcery/Sourcery_G++_Lite/lib/gcc/arm-none-eabi/4.5.2/libgcc.a(_arm_addsubdf3.o)
                                                  /opt/CodeSourcery/Sourcery_G++_Lite/arm-none-eabi/lib/libc.a(lib_a-dtoa.o)
                                                  timer.o
                                                  Uart.o
__aeabi_idiv0                                     /opt/CodeSourcery/Sourcery_G++_Lite/lib/gcc/arm-none-eabi/4.5.2/libgcc.a(_dvmd_tls.o)
                                                  /opt/CodeSourcery/Sourcery_G++_Lite/lib/gcc/arm-none-eabi/4.5.2/libgcc.a(_udivsi3.o)
__aeabi_l2d                                       /opt/CodeSourcery/Sourcery_G++_Lite/lib/gcc/arm-none-eabi/4.5.2/libgcc.a(_arm_addsubdf3.o)
__aeabi_ldiv0                                     /opt/CodeSourcery/Sourcery_G++_Lite/lib/gcc/arm-none-eabi/4.5.2/libgcc.a(_dvmd_tls.o)
                                                  /opt/CodeSourcery/Sourcery_G++_Lite/lib/gcc/arm-none-eabi/4.5.2/libgcc.a(_aeabi_uldivmod.o)
__aeabi_ui2d                                      /opt/CodeSourcery/Sourcery_G++_Lite/lib/gcc/arm-none-eabi/4.5.2/libgcc.a(_arm_addsubdf3.o)
                                                  /opt/CodeSourcery/Sourcery_G++_Lite/arm-none-eabi/lib/libc.a(lib_a-dtoa.o)
__aeabi_uidiv                                     /opt/CodeSourcery/Sourcery_G++_Lite/lib/gcc/arm-none-eabi/4.5.2/libgcc.a(_udivsi3.o)
                                                  /opt/CodeSourcery/Sourcery_G++_Lite/lib/gcc/arm-none-eabi/4.5.2/libgcc.a(_udivdi3.o)
                                                  /opt/CodeSourcery/Sourcery_G++_Lite/lib/gcc/arm-none-eabi/4.5.2/libgcc.a(_divdi3.o)
                                                  /opt/CodeSourcery/Sourcery_G++_Lite/arm-none-eabi/lib/libc.a(lib_a-dtoa.o)
__aeabi_uidivmod                                  /opt/CodeSourcery/Sourcery_G++_Lite/lib/gcc/arm-none-eabi/4.5.2/libgcc.a(_udivsi3.o)
                                                  /opt/CodeSourcery/Sourcery_G++_Lite/lib/gcc/arm-none-eabi/4.5.2/libgcc.a(_udivdi3.o)
                                                  /opt/CodeSourcery/Sourcery_G++_Lite/lib/gcc/arm-none-eabi/4.5.2/libgcc.a(_divdi3.o)
__aeabi_ul2d                                      /opt/CodeSourcery/Sourcery_G++_Lite/lib/gcc/arm-none-eabi/4.5.2/libgcc.a(_arm_addsubdf3.o)
__aeabi_uldivmod                                  /opt/CodeSourcery/Sourcery_G++_Lite/lib/gcc/arm-none-eabi/4.5.2/libgcc.a(_aeabi_uldivmod.o)
                                                  /opt/CodeSourcery/Sourcery_G++_Lite/arm-none-eabi/lib/libc.a(lib_a-svfiprintf.o)
                                                  /opt/CodeSourcery/Sourcery_G++_Lite/arm-none-eabi/lib/libc.a(lib_a-vfiprintf.o)
                                                  /opt/CodeSourcery/Sourcery_G++_Lite/arm-none-eabi/lib/libc.a(lib_a-svfprintf.o)
                                                  /opt/CodeSourcery/Sourcery_G++_Lite/arm-none-eabi/lib/libc.a(lib_a-vfprintf.o)
__any_on                                          /opt/CodeSourcery/Sourcery_G++_Lite/arm-none-eabi/lib/libc.a(lib_a-mprec.o)
__ascii_wctomb                                    /opt/CodeSourcery/Sourcery_G++_Lite/arm-none-eabi/lib/libc.a(lib_a-wctomb_r.o)
__b2d                                             /opt/CodeSourcery/Sourcery_G++_Lite/arm-none-eabi/lib/libc.a(lib_a-mprec.o)
__clzsi2                                          /opt/CodeSourcery/Sourcery_G++_Lite/lib/gcc/arm-none-eabi/4.5.2/libgcc.a(_clzsi2.o)
                                                  /opt/CodeSourcery/Sourcery_G++_Lite/lib/gcc/arm-none-eabi/4.5.2/libgcc.a(_udivdi3.o)
                                                  /opt/CodeSourcery/Sourcery_G++_Lite/lib/gcc/arm-none-eabi/4.5.2/libgcc.a(_divdi3.o)
__cmpdf2                                          /opt/CodeSourcery/Sourcery_G++_Lite/lib/gcc/arm-none-eabi/4.5.2/libgcc.a(_arm_cmpdf2.o)
__copybits                                        /opt/CodeSourcery/Sourcery_G++_Lite/arm-none-eabi/lib/libc.a(lib_a-mprec.o)
__d2b                                             /opt/CodeSourcery/Sourcery_G++_Lite/arm-none-eabi/lib/libc.a(lib_a-mprec.o)
                                                  /opt/CodeSourcery/Sourcery_G++_Lite/arm-none-eabi/lib/libc.a(lib_a-dtoa.o)
__divdf3                                          /opt/CodeSourcery/Sourcery_G++_Lite/lib/gcc/arm-none-eabi/4.5.2/libgcc.a(_arm_muldivdf3.o)
__divdi3                                          /opt/CodeSourcery/Sourcery_G++_Lite/lib/gcc/arm-none-eabi/4.5.2/libgcc.a(_divdi3.o)
                                                  /opt/CodeSourcery/Sourcery_G++_Lite/lib/gcc/arm-none-eabi/4.5.2/libgcc.a(bpabi.o)
__eqdf2                                           /opt/CodeSourcery/Sourcery_G++_Lite/lib/gcc/arm-none-eabi/4.5.2/libgcc.a(_arm_cmpdf2.o)
__errno                                           /opt/CodeSourcery/Sourcery_G++_Lite/arm-none-eabi/lib/libc.a(lib_a-errno.o)
                                                  syscall.o
__extendsfdf2                                     /opt/CodeSourcery/Sourcery_G++_Lite/lib/gcc/arm-none-eabi/4.5.2/libgcc.a(_arm_addsubdf3.o)
__fixdfsi                                         /opt/CodeSourcery/Sourcery_G++_Lite/lib/gcc/arm-none-eabi/4.5.2/libgcc.a(_arm_fixdfsi.o)
__fixunsdfsi                                      /opt/CodeSourcery/Sourcery_G++_Lite/lib/gcc/arm-none-eabi/4.5.2/libgcc.a(_arm_fixunsdfsi.o)
__floatdidf                                       /opt/CodeSourcery/Sourcery_G++_Lite/lib/gcc/arm-none-eabi/4.5.2/libgcc.a(_arm_addsubdf3.o)
__floatsidf                                       /opt/CodeSourcery/Sourcery_G++_Lite/lib/gcc/arm-none-eabi/4.5.2/libgcc.a(_arm_addsubdf3.o)
__floatundidf                                     /opt/CodeSourcery/Sourcery_G++_Lite/lib/gcc/arm-none-eabi/4.5.2/libgcc.a(_arm_addsubdf3.o)
__floatunsidf                                     /opt/CodeSourcery/Sourcery_G++_Lite/lib/gcc/arm-none-eabi/4.5.2/libgcc.a(_arm_addsubdf3.o)
__fp_lock_all                                     /opt/CodeSourcery/Sourcery_G++_Lite/arm-none-eabi/lib/libc.a(lib_a-findfp.o)
__fp_unlock_all                                   /opt/CodeSourcery/Sourcery_G++_Lite/arm-none-eabi/lib/libc.a(lib_a-findfp.o)
__fpclassifyd                                     /opt/CodeSourcery/Sourcery_G++_Lite/arm-none-eabi/lib/libc.a(lib_a-s_fpclassify.o)
                                                  /opt/CodeSourcery/Sourcery_G++_Lite/arm-none-eabi/lib/libc.a(lib_a-svfprintf.o)
                                                  /opt/CodeSourcery/Sourcery_G++_Lite/arm-none-eabi/lib/libc.a(lib_a-vfprintf.o)
__gedf2                                           /opt/CodeSourcery/Sourcery_G++_Lite/lib/gcc/arm-none-eabi/4.5.2/libgcc.a(_arm_cmpdf2.o)
__gnu_ldivmod_helper                              /opt/CodeSourcery/Sourcery_G++_Lite/lib/gcc/arm-none-eabi/4.5.2/libgcc.a(bpabi.o)
__gnu_uldivmod_helper                             /opt/CodeSourcery/Sourcery_G++_Lite/lib/gcc/arm-none-eabi/4.5.2/libgcc.a(bpabi.o)
                                                  /opt/CodeSourcery/Sourcery_G++_Lite/lib/gcc/arm-none-eabi/4.5.2/libgcc.a(_aeabi_uldivmod.o)
__gtdf2                                           /opt/CodeSourcery/Sourcery_G++_Lite/lib/gcc/arm-none-eabi/4.5.2/libgcc.a(_arm_cmpdf2.o)
__hi0bits                                         /opt/CodeSourcery/Sourcery_G++_Lite/arm-none-eabi/lib/libc.a(lib_a-mprec.o)
                                                  /opt/CodeSourcery/Sourcery_G++_Lite/arm-none-eabi/lib/libc.a(lib_a-dtoa.o)
__i2b                                             /opt/CodeSourcery/Sourcery_G++_Lite/arm-none-eabi/lib/libc.a(lib_a-mprec.o)
                                                  /opt/CodeSourcery/Sourcery_G++_Lite/arm-none-eabi/lib/libc.a(lib_a-dtoa.o)
__ledf2                                           /opt/CodeSourcery/Sourcery_G++_Lite/lib/gcc/arm-none-eabi/4.5.2/libgcc.a(_arm_cmpdf2.o)
__lo0bits                                         /opt/CodeSourcery/Sourcery_G++_Lite/arm-none-eabi/lib/libc.a(lib_a-mprec.o)
__locale_charset                                  /opt/CodeSourcery/Sourcery_G++_Lite/arm-none-eabi/lib/libc.a(lib_a-locale.o)
                                                  /opt/CodeSourcery/Sourcery_G++_Lite/arm-none-eabi/lib/libc.a(lib_a-wctomb_r.o)
                                                  /opt/CodeSourcery/Sourcery_G++_Lite/arm-none-eabi/lib/libc.a(lib_a-wcrtomb.o)
__locale_cjk_lang                                 /opt/CodeSourcery/Sourcery_G++_Lite/arm-none-eabi/lib/libc.a(lib_a-locale.o)
__locale_mb_cur_max                               /opt/CodeSourcery/Sourcery_G++_Lite/arm-none-eabi/lib/libc.a(lib_a-locale.o)
                                                  /opt/CodeSourcery/Sourcery_G++_Lite/arm-none-eabi/lib/libc.a(lib_a-fputwc.o)
__locale_msgcharset                               /opt/CodeSourcery/Sourcery_G++_Lite/arm-none-eabi/lib/libc.a(lib_a-locale.o)
__lshift                                          /opt/CodeSourcery/Sourcery_G++_Lite/arm-none-eabi/lib/libc.a(lib_a-mprec.o)
                                                  /opt/CodeSourcery/Sourcery_G++_Lite/arm-none-eabi/lib/libc.a(lib_a-dtoa.o)
__ltdf2                                           /opt/CodeSourcery/Sourcery_G++_Lite/lib/gcc/arm-none-eabi/4.5.2/libgcc.a(_arm_cmpdf2.o)
__malloc_av_                                      /opt/CodeSourcery/Sourcery_G++_Lite/arm-none-eabi/lib/libc.a(lib_a-mallocr.o)
                                                  /opt/CodeSourcery/Sourcery_G++_Lite/arm-none-eabi/lib/libc.a(lib_a-reallocr.o)
                                                  /opt/CodeSourcery/Sourcery_G++_Lite/arm-none-eabi/lib/libc.a(lib_a-freer.o)
__malloc_current_mallinfo                         /opt/CodeSourcery/Sourcery_G++_Lite/arm-none-eabi/lib/libc.a(lib_a-mallocr.o)
                                                  /opt/CodeSourcery/Sourcery_G++_Lite/arm-none-eabi/lib/libc.a(lib_a-freer.o)
__malloc_lock                                     /opt/CodeSourcery/Sourcery_G++_Lite/arm-none-eabi/lib/libc.a(lib_a-mlock.o)
                                                  /opt/CodeSourcery/Sourcery_G++_Lite/arm-none-eabi/lib/libc.a(lib_a-reallocr.o)
                                                  /opt/CodeSourcery/Sourcery_G++_Lite/arm-none-eabi/lib/libc.a(lib_a-mallocr.o)
                                                  /opt/CodeSourcery/Sourcery_G++_Lite/arm-none-eabi/lib/libc.a(lib_a-freer.o)
__malloc_max_sbrked_mem                           /opt/CodeSourcery/Sourcery_G++_Lite/arm-none-eabi/lib/libc.a(lib_a-mallocr.o)
__malloc_max_total_mem                            /opt/CodeSourcery/Sourcery_G++_Lite/arm-none-eabi/lib/libc.a(lib_a-mallocr.o)
__malloc_sbrk_base                                /opt/CodeSourcery/Sourcery_G++_Lite/arm-none-eabi/lib/libc.a(lib_a-mallocr.o)
                                                  /opt/CodeSourcery/Sourcery_G++_Lite/arm-none-eabi/lib/libc.a(lib_a-freer.o)
__malloc_top_pad                                  /opt/CodeSourcery/Sourcery_G++_Lite/arm-none-eabi/lib/libc.a(lib_a-mallocr.o)
                                                  /opt/CodeSourcery/Sourcery_G++_Lite/arm-none-eabi/lib/libc.a(lib_a-freer.o)
__malloc_trim_threshold                           /opt/CodeSourcery/Sourcery_G++_Lite/arm-none-eabi/lib/libc.a(lib_a-mallocr.o)
                                                  /opt/CodeSourcery/Sourcery_G++_Lite/arm-none-eabi/lib/libc.a(lib_a-freer.o)
__malloc_unlock                                   /opt/CodeSourcery/Sourcery_G++_Lite/arm-none-eabi/lib/libc.a(lib_a-mlock.o)
                                                  /opt/CodeSourcery/Sourcery_G++_Lite/arm-none-eabi/lib/libc.a(lib_a-reallocr.o)
                                                  /opt/CodeSourcery/Sourcery_G++_Lite/arm-none-eabi/lib/libc.a(lib_a-mallocr.o)
                                                  /opt/CodeSourcery/Sourcery_G++_Lite/arm-none-eabi/lib/libc.a(lib_a-freer.o)
__mb_cur_max                                      /opt/CodeSourcery/Sourcery_G++_Lite/arm-none-eabi/lib/libc.a(lib_a-locale.o)
__mcmp                                            /opt/CodeSourcery/Sourcery_G++_Lite/arm-none-eabi/lib/libc.a(lib_a-mprec.o)
                                                  /opt/CodeSourcery/Sourcery_G++_Lite/arm-none-eabi/lib/libc.a(lib_a-dtoa.o)
__mdiff                                           /opt/CodeSourcery/Sourcery_G++_Lite/arm-none-eabi/lib/libc.a(lib_a-mprec.o)
                                                  /opt/CodeSourcery/Sourcery_G++_Lite/arm-none-eabi/lib/libc.a(lib_a-dtoa.o)
__mlocale_changed                                 /opt/CodeSourcery/Sourcery_G++_Lite/arm-none-eabi/lib/libc.a(lib_a-locale.o)
__mprec_bigtens                                   /opt/CodeSourcery/Sourcery_G++_Lite/arm-none-eabi/lib/libc.a(lib_a-mprec.o)
                                                  /opt/CodeSourcery/Sourcery_G++_Lite/arm-none-eabi/lib/libc.a(lib_a-dtoa.o)
__mprec_tens                                      /opt/CodeSourcery/Sourcery_G++_Lite/arm-none-eabi/lib/libc.a(lib_a-mprec.o)
                                                  /opt/CodeSourcery/Sourcery_G++_Lite/arm-none-eabi/lib/libc.a(lib_a-dtoa.o)
__mprec_tinytens                                  /opt/CodeSourcery/Sourcery_G++_Lite/arm-none-eabi/lib/libc.a(lib_a-mprec.o)
__muldf3                                          /opt/CodeSourcery/Sourcery_G++_Lite/lib/gcc/arm-none-eabi/4.5.2/libgcc.a(_arm_muldivdf3.o)
__multadd                                         /opt/CodeSourcery/Sourcery_G++_Lite/arm-none-eabi/lib/libc.a(lib_a-mprec.o)
                                                  /opt/CodeSourcery/Sourcery_G++_Lite/arm-none-eabi/lib/libc.a(lib_a-dtoa.o)
__multiply                                        /opt/CodeSourcery/Sourcery_G++_Lite/arm-none-eabi/lib/libc.a(lib_a-mprec.o)
                                                  /opt/CodeSourcery/Sourcery_G++_Lite/arm-none-eabi/lib/libc.a(lib_a-dtoa.o)
__nedf2                                           /opt/CodeSourcery/Sourcery_G++_Lite/lib/gcc/arm-none-eabi/4.5.2/libgcc.a(_arm_cmpdf2.o)
__nlocale_changed                                 /opt/CodeSourcery/Sourcery_G++_Lite/arm-none-eabi/lib/libc.a(lib_a-locale.o)
__pow5mult                                        /opt/CodeSourcery/Sourcery_G++_Lite/arm-none-eabi/lib/libc.a(lib_a-mprec.o)
                                                  /opt/CodeSourcery/Sourcery_G++_Lite/arm-none-eabi/lib/libc.a(lib_a-dtoa.o)
__ratio                                           /opt/CodeSourcery/Sourcery_G++_Lite/arm-none-eabi/lib/libc.a(lib_a-mprec.o)
__s2b                                             /opt/CodeSourcery/Sourcery_G++_Lite/arm-none-eabi/lib/libc.a(lib_a-mprec.o)
__sclose                                          /opt/CodeSourcery/Sourcery_G++_Lite/arm-none-eabi/lib/libc.a(lib_a-stdio.o)
                                                  /opt/CodeSourcery/Sourcery_G++_Lite/arm-none-eabi/lib/libc.a(lib_a-findfp.o)
__seofread                                        /opt/CodeSourcery/Sourcery_G++_Lite/arm-none-eabi/lib/libc.a(lib_a-stdio.o)
__sfmoreglue                                      /opt/CodeSourcery/Sourcery_G++_Lite/arm-none-eabi/lib/libc.a(lib_a-findfp.o)
__sfp                                             /opt/CodeSourcery/Sourcery_G++_Lite/arm-none-eabi/lib/libc.a(lib_a-findfp.o)
__sfp_lock_acquire                                /opt/CodeSourcery/Sourcery_G++_Lite/arm-none-eabi/lib/libc.a(lib_a-findfp.o)
                                                  /opt/CodeSourcery/Sourcery_G++_Lite/arm-none-eabi/lib/libc.a(lib_a-fclose.o)
                                                  /opt/CodeSourcery/Sourcery_G++_Lite/arm-none-eabi/lib/libc.a(lib_a-fwalk.o)
__sfp_lock_release                                /opt/CodeSourcery/Sourcery_G++_Lite/arm-none-eabi/lib/libc.a(lib_a-findfp.o)
                                                  /opt/CodeSourcery/Sourcery_G++_Lite/arm-none-eabi/lib/libc.a(lib_a-fclose.o)
                                                  /opt/CodeSourcery/Sourcery_G++_Lite/arm-none-eabi/lib/libc.a(lib_a-fwalk.o)
__sfvwrite_r                                      /opt/CodeSourcery/Sourcery_G++_Lite/arm-none-eabi/lib/libc.a(lib_a-fvwrite.o)
                                                  /opt/CodeSourcery/Sourcery_G++_Lite/arm-none-eabi/lib/libc.a(lib_a-vfiprintf.o)
__sinit                                           /opt/CodeSourcery/Sourcery_G++_Lite/arm-none-eabi/lib/libc.a(lib_a-findfp.o)
                                                  /opt/CodeSourcery/Sourcery_G++_Lite/arm-none-eabi/lib/libc.a(lib_a-wbuf.o)
                                                  /opt/CodeSourcery/Sourcery_G++_Lite/arm-none-eabi/lib/libc.a(lib_a-fputwc.o)
                                                  /opt/CodeSourcery/Sourcery_G++_Lite/arm-none-eabi/lib/libc.a(lib_a-fclose.o)
                                                  /opt/CodeSourcery/Sourcery_G++_Lite/arm-none-eabi/lib/libc.a(lib_a-vfiprintf.o)
                                                  /opt/CodeSourcery/Sourcery_G++_Lite/arm-none-eabi/lib/libc.a(lib_a-fflush.o)
                                                  /opt/CodeSourcery/Sourcery_G++_Lite/arm-none-eabi/lib/libc.a(lib_a-wsetup.o)
                                                  /opt/CodeSourcery/Sourcery_G++_Lite/arm-none-eabi/lib/libc.a(lib_a-vfprintf.o)
__sinit_lock_acquire                              /opt/CodeSourcery/Sourcery_G++_Lite/arm-none-eabi/lib/libc.a(lib_a-findfp.o)
__sinit_lock_release                              /opt/CodeSourcery/Sourcery_G++_Lite/arm-none-eabi/lib/libc.a(lib_a-findfp.o)
__smakebuf_r                                      /opt/CodeSourcery/Sourcery_G++_Lite/arm-none-eabi/lib/libc.a(lib_a-makebuf.o)
                                                  /opt/CodeSourcery/Sourcery_G++_Lite/arm-none-eabi/lib/libc.a(lib_a-wsetup.o)
__sprint_r                                        /opt/CodeSourcery/Sourcery_G++_Lite/arm-none-eabi/lib/libc.a(lib_a-vfiprintf.o)
                                                  /opt/CodeSourcery/Sourcery_G++_Lite/arm-none-eabi/lib/libc.a(lib_a-vfprintf.o)
__sread                                           /opt/CodeSourcery/Sourcery_G++_Lite/arm-none-eabi/lib/libc.a(lib_a-stdio.o)
                                                  /opt/CodeSourcery/Sourcery_G++_Lite/arm-none-eabi/lib/libc.a(lib_a-findfp.o)
__sseek                                           /opt/CodeSourcery/Sourcery_G++_Lite/arm-none-eabi/lib/libc.a(lib_a-stdio.o)
                                                  /opt/CodeSourcery/Sourcery_G++_Lite/arm-none-eabi/lib/libc.a(lib_a-makebuf.o)
                                                  /opt/CodeSourcery/Sourcery_G++_Lite/arm-none-eabi/lib/libc.a(lib_a-findfp.o)
__ssprint_r                                       /opt/CodeSourcery/Sourcery_G++_Lite/arm-none-eabi/lib/libc.a(lib_a-svfiprintf.o)
                                                  /opt/CodeSourcery/Sourcery_G++_Lite/arm-none-eabi/lib/libc.a(lib_a-svfprintf.o)
__subdf3                                          /opt/CodeSourcery/Sourcery_G++_Lite/lib/gcc/arm-none-eabi/4.5.2/libgcc.a(_arm_addsubdf3.o)
__swbuf                                           /opt/CodeSourcery/Sourcery_G++_Lite/arm-none-eabi/lib/libc.a(lib_a-wbuf.o)
__swbuf_r                                         /opt/CodeSourcery/Sourcery_G++_Lite/arm-none-eabi/lib/libc.a(lib_a-wbuf.o)
                                                  /opt/CodeSourcery/Sourcery_G++_Lite/arm-none-eabi/lib/libc.a(lib_a-fputwc.o)
__swrite                                          /opt/CodeSourcery/Sourcery_G++_Lite/arm-none-eabi/lib/libc.a(lib_a-stdio.o)
                                                  /opt/CodeSourcery/Sourcery_G++_Lite/arm-none-eabi/lib/libc.a(lib_a-findfp.o)
__swsetup_r                                       /opt/CodeSourcery/Sourcery_G++_Lite/arm-none-eabi/lib/libc.a(lib_a-wsetup.o)
                                                  /opt/CodeSourcery/Sourcery_G++_Lite/arm-none-eabi/lib/libc.a(lib_a-wbuf.o)
                                                  /opt/CodeSourcery/Sourcery_G++_Lite/arm-none-eabi/lib/libc.a(lib_a-fvwrite.o)
                                                  /opt/CodeSourcery/Sourcery_G++_Lite/arm-none-eabi/lib/libc.a(lib_a-vfiprintf.o)
                                                  /opt/CodeSourcery/Sourcery_G++_Lite/arm-none-eabi/lib/libc.a(lib_a-vfprintf.o)
__udivdi3                                         /opt/CodeSourcery/Sourcery_G++_Lite/lib/gcc/arm-none-eabi/4.5.2/libgcc.a(_udivdi3.o)
                                                  /opt/CodeSourcery/Sourcery_G++_Lite/lib/gcc/arm-none-eabi/4.5.2/libgcc.a(bpabi.o)
__udivsi3                                         /opt/CodeSourcery/Sourcery_G++_Lite/lib/gcc/arm-none-eabi/4.5.2/libgcc.a(_udivsi3.o)
__ulp                                             /opt/CodeSourcery/Sourcery_G++_Lite/arm-none-eabi/lib/libc.a(lib_a-mprec.o)
__wctomb                                          /opt/CodeSourcery/Sourcery_G++_Lite/arm-none-eabi/lib/libc.a(lib_a-wctomb_r.o)
                                                  /opt/CodeSourcery/Sourcery_G++_Lite/arm-none-eabi/lib/libc.a(lib_a-wcrtomb.o)
_calloc_r                                         /opt/CodeSourcery/Sourcery_G++_Lite/arm-none-eabi/lib/libc.a(lib_a-callocr.o)
                                                  /opt/CodeSourcery/Sourcery_G++_Lite/arm-none-eabi/lib/libc.a(lib_a-mprec.o)
_cleanup                                          /opt/CodeSourcery/Sourcery_G++_Lite/arm-none-eabi/lib/libc.a(lib_a-findfp.o)
_cleanup_r                                        /opt/CodeSourcery/Sourcery_G++_Lite/arm-none-eabi/lib/libc.a(lib_a-findfp.o)
                                                  /opt/CodeSourcery/Sourcery_G++_Lite/arm-none-eabi/lib/libc.a(lib_a-makebuf.o)
_close_r                                          syscall.o
                                                  /opt/CodeSourcery/Sourcery_G++_Lite/arm-none-eabi/lib/libc.a(lib_a-stdio.o)
_dtoa_r                                           /opt/CodeSourcery/Sourcery_G++_Lite/arm-none-eabi/lib/libc.a(lib_a-dtoa.o)
                                                  /opt/CodeSourcery/Sourcery_G++_Lite/arm-none-eabi/lib/libc.a(lib_a-svfprintf.o)
                                                  /opt/CodeSourcery/Sourcery_G++_Lite/arm-none-eabi/lib/libc.a(lib_a-vfprintf.o)
_exit                                             syscall.o
_fclose_r                                         /opt/CodeSourcery/Sourcery_G++_Lite/arm-none-eabi/lib/libc.a(lib_a-fclose.o)
_fflush_r                                         /opt/CodeSourcery/Sourcery_G++_Lite/arm-none-eabi/lib/libc.a(lib_a-fflush.o)
                                                  /opt/CodeSourcery/Sourcery_G++_Lite/arm-none-eabi/lib/libc.a(lib_a-wbuf.o)
                                                  /opt/CodeSourcery/Sourcery_G++_Lite/arm-none-eabi/lib/libc.a(lib_a-fvwrite.o)
                                                  /opt/CodeSourcery/Sourcery_G++_Lite/arm-none-eabi/lib/libc.a(lib_a-fclose.o)
                                                  /opt/CodeSourcery/Sourcery_G++_Lite/arm-none-eabi/lib/libc.a(lib_a-vfiprintf.o)
                                                  /opt/CodeSourcery/Sourcery_G++_Lite/arm-none-eabi/lib/libc.a(lib_a-vfprintf.o)
_fputwc_r                                         /opt/CodeSourcery/Sourcery_G++_Lite/arm-none-eabi/lib/libc.a(lib_a-fputwc.o)
                                                  /opt/CodeSourcery/Sourcery_G++_Lite/arm-none-eabi/lib/libc.a(lib_a-vfiprintf.o)
_free_r                                           /opt/CodeSourcery/Sourcery_G++_Lite/arm-none-eabi/lib/libc.a(lib_a-freer.o)
                                                  /opt/CodeSourcery/Sourcery_G++_Lite/arm-none-eabi/lib/libc.a(lib_a-svfiprintf.o)
                                                  /opt/CodeSourcery/Sourcery_G++_Lite/arm-none-eabi/lib/libc.a(lib_a-reallocr.o)
                                                  /opt/CodeSourcery/Sourcery_G++_Lite/arm-none-eabi/lib/libc.a(lib_a-fvwrite.o)
                                                  /opt/CodeSourcery/Sourcery_G++_Lite/arm-none-eabi/lib/libc.a(lib_a-fclose.o)
                                                  /opt/CodeSourcery/Sourcery_G++_Lite/arm-none-eabi/lib/libc.a(lib_a-mallocr.o)
                                                  /opt/CodeSourcery/Sourcery_G++_Lite/arm-none-eabi/lib/libc.a(lib_a-fflush.o)
                                                  /opt/CodeSourcery/Sourcery_G++_Lite/arm-none-eabi/lib/libc.a(lib_a-wsetup.o)
_fstat_r                                          syscall.o
                                                  /opt/CodeSourcery/Sourcery_G++_Lite/arm-none-eabi/lib/libc.a(lib_a-makebuf.o)
_fwalk                                            /opt/CodeSourcery/Sourcery_G++_Lite/arm-none-eabi/lib/libc.a(lib_a-fwalk.o)